// Jest Snapshot v1, https://goo.gl/fbAQLP

exports[`test ProjectManage/ProjectDetailLayout/index should match snapshot 1`] = `
Array [
  Object {
    "icon": <ForwardRef(ProjectOutlined) />,
    "key": "projectOverview",
    "label": <CustomLink
      to="project/test/overview"
    >
      menu.projectOverview
    </CustomLink>,
    "title": "menu.projectOverview",
  },
  Object {
    "icon": <ForwardRef(ConsoleSqlOutlined) />,
    "key": "order",
    "label": <CustomLink
      to="project/test/order"
    >
      menu.order
    </CustomLink>,
    "title": "menu.order",
  },
  Object {
    "children": Array [
      Object {
        "children": Array [
          Object {
            "icon": undefined,
            "key": "auditPlan",
            "label": <CustomLink
              to="project/test/auditPlan"
            >
              menu.auditPlane
            </CustomLink>,
            "title": "menu.auditPlane",
          },
        ],
        "key": "",
        "label": "",
        "type": "group",
      },
    ],
    "icon": <ForwardRef(CiCircleOutlined) />,
    "key": "plane",
    "label": "menu.auditPlane",
  },
  Object {
    "icon": <ForwardRef(DatabaseOutlined) />,
    "key": "data",
    "label": <CustomLink
      to="project/test/data"
    >
      menu.dataSource
    </CustomLink>,
    "title": "menu.dataSource",
  },
  Object {
    "icon": <ForwardRef(UserOutlined) />,
    "key": "member",
    "label": <CustomLink
      to="project/test/member"
    >
      menu.member
    </CustomLink>,
    "title": "menu.member",
  },
  Object {
    "icon": <ForwardRef(AuditOutlined) />,
    "key": "ruleTemplate",
    "label": <CustomLink
      to="project/test/rule/template"
    >
      menu.ruleTemplate
    </CustomLink>,
    "title": "menu.ruleTemplate",
  },
  Object {
    "icon": <ForwardRef(NodeIndexOutlined) />,
    "key": "progress",
    "label": <CustomLink
      to="project/test/progress"
    >
      menu.progressManage
    </CustomLink>,
    "title": "menu.progressManage",
  },
  Object {
    "icon": <ForwardRef(ProfileOutlined) />,
    "key": "Whitelist",
    "label": <CustomLink
      to="project/test/whitelist"
    >
      menu.whitelist
    </CustomLink>,
    "title": "menu.whitelist",
  },
]
`;

exports[`test ProjectManage/ProjectDetailLayout/index should match snapshot 2`] = `
Array [
  Object {
    "icon": <ForwardRef(ProjectOutlined) />,
    "key": "projectOverview",
    "label": <CustomLink
      to="project/test/overview"
    >
      menu.projectOverview
    </CustomLink>,
    "title": "menu.projectOverview",
  },
  Object {
    "icon": <ForwardRef(ConsoleSqlOutlined) />,
    "key": "order",
    "label": <CustomLink
      to="project/test/order"
    >
      menu.order
    </CustomLink>,
    "title": "menu.order",
  },
  Object {
    "children": Array [
      Object {
        "children": Array [
          Object {
            "icon": undefined,
            "key": "auditPlan",
            "label": <CustomLink
              to="project/test/auditPlan"
            >
              menu.auditPlane
            </CustomLink>,
            "title": "menu.auditPlane",
          },
        ],
        "key": "",
        "label": "",
        "type": "group",
      },
    ],
    "icon": <ForwardRef(CiCircleOutlined) />,
    "key": "plane",
    "label": "menu.auditPlane",
  },
  Object {
    "icon": <ForwardRef(DatabaseOutlined) />,
    "key": "data",
    "label": <CustomLink
      to="project/test/data"
    >
      menu.dataSource
    </CustomLink>,
    "title": "menu.dataSource",
  },
  Object {
    "icon": <ForwardRef(UserOutlined) />,
    "key": "member",
    "label": <CustomLink
      to="project/test/member"
    >
      menu.member
    </CustomLink>,
    "title": "menu.member",
  },
  Object {
    "icon": <ForwardRef(AuditOutlined) />,
    "key": "ruleTemplate",
    "label": <CustomLink
      to="project/test/rule/template"
    >
      menu.ruleTemplate
    </CustomLink>,
    "title": "menu.ruleTemplate",
  },
  Object {
    "icon": <ForwardRef(NodeIndexOutlined) />,
    "key": "progress",
    "label": <CustomLink
      to="project/test/progress"
    >
      menu.progressManage
    </CustomLink>,
    "title": "menu.progressManage",
  },
  Object {
    "icon": <ForwardRef(ProfileOutlined) />,
    "key": "Whitelist",
    "label": <CustomLink
      to="project/test/whitelist"
    >
      menu.whitelist
    </CustomLink>,
    "title": "menu.whitelist",
  },
]
`;
