// Jest Snapshot v1, https://goo.gl/fbAQLP

exports[`sqlQuery/sqlInput should get the instance list and match the snapshot 1`] = `
<body>
  <div>
    <div
      class="ant-card ant-card-bordered"
    >
      <div
        class="ant-card-head"
      >
        <div
          class="ant-card-head-wrapper"
        >
          <div
            class="ant-card-head-title"
          >
            sqlQuery.sqlInput.title
          </div>
        </div>
      </div>
      <div
        class="ant-card-body"
      >
        <form
          class="ant-form ant-form-horizontal"
        >
          <div
            class="ant-row"
            style="margin-left: -12px; margin-right: -12px;"
          >
            <div
              class="ant-col ant-col-xs-24 ant-col-sm-12 ant-col-xl-8 ant-col-xxl-6"
              style="padding-left: 12px; padding-right: 12px;"
            >
              <div
                class="ant-row ant-form-item"
              >
                <div
                  class="ant-col ant-form-item-label"
                >
                  <label
                    class="ant-form-item-required"
                    for="instanceName"
                    title="sqlQuery.sqlInput.instance"
                  >
                    sqlQuery.sqlInput.instance
                  </label>
                </div>
                <div
                  class="ant-col ant-form-item-control"
                >
                  <div
                    class="ant-form-item-control-input"
                  >
                    <div
                      class="ant-form-item-control-input-content"
                    >
                      <div
                        class="ant-select middle-select ant-select-single ant-select-allow-clear ant-select-show-arrow ant-select-show-search"
                        data-testid="instance-name"
                      >
                        <div
                          class="ant-select-selector"
                        >
                          <span
                            class="ant-select-selection-search"
                          >
                            <input
                              aria-activedescendant="instanceName_list_0"
                              aria-autocomplete="list"
                              aria-controls="instanceName_list"
                              aria-haspopup="listbox"
                              aria-owns="instanceName_list"
                              autocomplete="off"
                              class="ant-select-selection-search-input"
                              id="instanceName"
                              role="combobox"
                              type="search"
                              value=""
                            />
                          </span>
                          <span
                            class="ant-select-selection-placeholder"
                          >
                            common.form.placeholder.select
                          </span>
                        </div>
                        <span
                          aria-hidden="true"
                          class="ant-select-arrow"
                          style="user-select: none;"
                          unselectable="on"
                        >
                          <span
                            aria-label="down"
                            class="anticon anticon-down ant-select-suffix"
                            role="img"
                          >
                            <svg
                              aria-hidden="true"
                              data-icon="down"
                              fill="currentColor"
                              focusable="false"
                              height="1em"
                              viewBox="64 64 896 896"
                              width="1em"
                            >
                              <path
                                d="M884 256h-75c-5.1 0-9.9 2.5-12.9 6.6L512 654.2 227.9 262.6c-3-4.1-7.8-6.6-12.9-6.6h-75c-6.5 0-10.3 7.4-6.5 12.7l352.6 486.1c12.8 17.6 39 17.6 51.7 0l352.6-486.1c3.9-5.3.1-12.7-6.4-12.7z"
                              />
                            </svg>
                          </span>
                        </span>
                      </div>
                    </div>
                  </div>
                </div>
              </div>
            </div>
            <div
              class="ant-col ant-col-xs-24 ant-col-sm-12 ant-col-xl-8 ant-col-xxl-6"
              style="padding-left: 12px; padding-right: 12px;"
            >
              <div
                class="ant-row ant-form-item"
              >
                <div
                  class="ant-col ant-form-item-label"
                >
                  <label
                    class="ant-form-item-required"
                    for="instanceSchema"
                    title="sqlQuery.sqlInput.database"
                  >
                    sqlQuery.sqlInput.database
                  </label>
                </div>
                <div
                  class="ant-col ant-form-item-control"
                >
                  <div
                    class="ant-form-item-control-input"
                  >
                    <div
                      class="ant-form-item-control-input-content"
                    >
                      <div
                        class="ant-select ant-select-single ant-select-allow-clear ant-select-show-arrow ant-select-show-search"
                      >
                        <div
                          class="ant-select-selector"
                        >
                          <span
                            class="ant-select-selection-search"
                          >
                            <input
                              aria-activedescendant="instanceSchema_list_0"
                              aria-autocomplete="list"
                              aria-controls="instanceSchema_list"
                              aria-haspopup="listbox"
                              aria-owns="instanceSchema_list"
                              autocomplete="off"
                              class="ant-select-selection-search-input"
                              id="instanceSchema"
                              role="combobox"
                              type="search"
                              value=""
                            />
                          </span>
                          <span
                            class="ant-select-selection-placeholder"
                          >
                            common.form.placeholder.select
                          </span>
                        </div>
                        <span
                          aria-hidden="true"
                          class="ant-select-arrow"
                          style="user-select: none;"
                          unselectable="on"
                        >
                          <span
                            aria-label="down"
                            class="anticon anticon-down ant-select-suffix"
                            role="img"
                          >
                            <svg
                              aria-hidden="true"
                              data-icon="down"
                              fill="currentColor"
                              focusable="false"
                              height="1em"
                              viewBox="64 64 896 896"
                              width="1em"
                            >
                              <path
                                d="M884 256h-75c-5.1 0-9.9 2.5-12.9 6.6L512 654.2 227.9 262.6c-3-4.1-7.8-6.6-12.9-6.6h-75c-6.5 0-10.3 7.4-6.5 12.7l352.6 486.1c12.8 17.6 39 17.6 51.7 0l352.6-486.1c3.9-5.3.1-12.7-6.4-12.7z"
                              />
                            </svg>
                          </span>
                        </span>
                      </div>
                    </div>
                  </div>
                </div>
              </div>
            </div>
          </div>
          <div
            class="ant-row ant-form-item"
          >
            <div
              class="ant-col ant-form-item-control makeStyles-editor-3"
            >
              <div
                class="ant-form-item-control-input"
              >
                <div
                  class="ant-form-item-control-input-content"
                >
                  <input
                    height="200"
                    id="sql"
                    language="sql"
                    theme="vs"
                    value="/* input your sql */"
                    width="100%"
                  />
                </div>
              </div>
            </div>
          </div>
          <div
            class="ant-space ant-space-horizontal ant-space-align-center"
          >
            <div
              class="ant-space-item"
              style="margin-right: 24px;"
            >
              <div
                class="ant-row ant-form-item"
                style="margin-bottom: 0px;"
              >
                <div
                  class="ant-col ant-form-item-label"
                >
                  <label
                    class="ant-form-item-required"
                    for="maxPreQueryRows"
                    title=""
                  >
                    <div
                      class="ant-space ant-space-horizontal ant-space-align-center"
                    >
                      <div
                        class="ant-space-item"
                        style="margin-right: 8px;"
                      >
                        <span
                          aria-label="info-circle"
                          class="anticon anticon-info-circle text-orange"
                          role="img"
                        >
                          <svg
                            aria-hidden="true"
                            data-icon="info-circle"
                            fill="currentColor"
                            focusable="false"
                            height="1em"
                            viewBox="64 64 896 896"
                            width="1em"
                          >
                            <path
                              d="M512 64C264.6 64 64 264.6 64 512s200.6 448 448 448 448-200.6 448-448S759.4 64 512 64zm0 820c-205.4 0-372-166.6-372-372s166.6-372 372-372 372 166.6 372 372-166.6 372-372 372z"
                            />
                            <path
                              d="M464 336a48 48 0 1096 0 48 48 0 10-96 0zm72 112h-48c-4.4 0-8 3.6-8 8v272c0 4.4 3.6 8 8 8h48c4.4 0 8-3.6 8-8V456c0-4.4-3.6-8-8-8z"
                            />
                          </svg>
                        </span>
                      </div>
                      <div
                        class="ant-space-item"
                      >
                        sqlQuery.sqlInput.returnLength
                      </div>
                    </div>
                  </label>
                </div>
                <div
                  class="ant-col ant-form-item-control"
                >
                  <div
                    class="ant-form-item-control-input"
                  >
                    <div
                      class="ant-form-item-control-input-content"
                    >
                      <div
                        class="ant-input-number"
                      >
                        <div
                          class="ant-input-number-handler-wrap"
                        >
                          <span
                            aria-disabled="true"
                            aria-label="Increase Value"
                            class="ant-input-number-handler ant-input-number-handler-up ant-input-number-handler-up-disabled"
                            role="button"
                            unselectable="on"
                          >
                            <span
                              aria-label="up"
                              class="anticon anticon-up ant-input-number-handler-up-inner"
                              role="img"
                            >
                              <svg
                                aria-hidden="true"
                                data-icon="up"
                                fill="currentColor"
                                focusable="false"
                                height="1em"
                                viewBox="64 64 896 896"
                                width="1em"
                              >
                                <path
                                  d="M890.5 755.3L537.9 269.2c-12.8-17.6-39-17.6-51.7 0L133.5 755.3A8 8 0 00140 768h75c5.1 0 9.9-2.5 12.9-6.6L512 369.8l284.1 391.6c3 4.1 7.8 6.6 12.9 6.6h75c6.5 0 10.3-7.4 6.5-12.7z"
                                />
                              </svg>
                            </span>
                          </span>
                          <span
                            aria-disabled="false"
                            aria-label="Decrease Value"
                            class="ant-input-number-handler ant-input-number-handler-down"
                            role="button"
                            unselectable="on"
                          >
                            <span
                              aria-label="down"
                              class="anticon anticon-down ant-input-number-handler-down-inner"
                              role="img"
                            >
                              <svg
                                aria-hidden="true"
                                data-icon="down"
                                fill="currentColor"
                                focusable="false"
                                height="1em"
                                viewBox="64 64 896 896"
                                width="1em"
                              >
                                <path
                                  d="M884 256h-75c-5.1 0-9.9 2.5-12.9 6.6L512 654.2 227.9 262.6c-3-4.1-7.8-6.6-12.9-6.6h-75c-6.5 0-10.3 7.4-6.5 12.7l352.6 486.1c12.8 17.6 39 17.6 51.7 0l352.6-486.1c3.9-5.3.1-12.7-6.4-12.7z"
                                />
                              </svg>
                            </span>
                          </span>
                        </div>
                        <div
                          class="ant-input-number-input-wrap"
                        >
                          <input
                            aria-valuemax="100"
                            aria-valuenow="100"
                            autocomplete="off"
                            class="ant-input-number-input"
                            id="maxPreQueryRows"
                            role="spinbutton"
                            step="1"
                            value="100"
                          />
                        </div>
                      </div>
                    </div>
                  </div>
                </div>
              </div>
            </div>
            <div
              class="ant-space-item"
              style="margin-right: 24px;"
            >
              <div
                class="ant-row ant-form-item"
                style="margin-bottom: 0px;"
              >
                <div
                  class="ant-col ant-form-item-control"
                >
                  <div
                    class="ant-form-item-control-input"
                  >
                    <div
                      class="ant-form-item-control-input-content"
                    >
                      <button
                        class="ant-btn ant-btn-primary"
                        type="submit"
                      >
                        <span>
                          sqlQuery.sqlInput.searchSqlResult
                        </span>
                      </button>
                    </div>
                  </div>
                </div>
              </div>
            </div>
            <div
              class="ant-space-item"
            >
              <button
                class="ant-btn ant-btn-primary"
                disabled=""
                type="button"
              >
                <span>
                  sqlQuery.sqlInput.sqlHistory
                </span>
              </button>
            </div>
          </div>
        </form>
      </div>
    </div>
  </div>
</body>
`;
