// Jest Snapshot v1, https://goo.gl/fbAQLP

exports[`AuditPlan should match snapshot 1`] = `
<Fragment>
  <PageHeader
    ghost={false}
    title="auditPlan.pageTitle"
  >
    auditPlan.pageDesc
  </PageHeader>
  <section
    className="padding-content"
  >
    <Outlet />
  </section>
</Fragment>
`;
