// Jest Snapshot v1, https://goo.gl/fbAQLP

exports[`UserGroup should match snapshot 1`] = `
<article
  className="user-manage-page"
>
  <PageHeader
    ghost={false}
    title="userGroup.pageTitle"
  >
    userGroup.pageDesc
  </PageHeader>
  <section
    className="padding-content"
  >
    <Component />
  </section>
  <UserGroupModal />
</article>
`;
