// Jest Snapshot v1, https://goo.gl/fbAQLP

exports[`test Order/Create/SqlInfoForm/DatabaseInfo should match snapshot 1`] = `
<div>
  <form
    class="ant-form ant-form-horizontal"
  >
    <div
      class="ant-row"
    >
      <div
        class="ant-col ant-col-12"
      >
        <div
          class="ant-row ant-form-item"
        >
          <div
            class="ant-col ant-form-item-label ant-col-xs-24 ant-col-sm-16"
          >
            <label
              class="ant-form-item-required"
              for="dataBaseInfo_0_instanceName"
              title="order.sqlInfo.instanceName"
            >
              order.sqlInfo.instanceName
            </label>
          </div>
          <div
            class="ant-col ant-form-item-control ant-col-xs-24 ant-col-sm-8"
          >
            <div
              class="ant-form-item-control-input"
            >
              <div
                class="ant-form-item-control-input-content"
              >
                <div
                  class="ant-select ant-select-single ant-select-show-arrow ant-select-show-search"
                >
                  <div
                    class="ant-select-selector"
                  >
                    <span
                      class="ant-select-selection-search"
                    >
                      <input
                        aria-activedescendant="dataBaseInfo_0_instanceName_list_0"
                        aria-autocomplete="list"
                        aria-controls="dataBaseInfo_0_instanceName_list"
                        aria-haspopup="listbox"
                        aria-owns="dataBaseInfo_0_instanceName_list"
                        autocomplete="off"
                        class="ant-select-selection-search-input"
                        id="dataBaseInfo_0_instanceName"
                        role="combobox"
                        type="search"
                        value=""
                      />
                    </span>
                    <span
                      class="ant-select-selection-placeholder"
                    >
                      common.form.placeholder.select
                    </span>
                  </div>
                  <span
                    aria-hidden="true"
                    class="ant-select-arrow"
                    style="user-select: none;"
                    unselectable="on"
                  >
                    <span
                      aria-label="down"
                      class="anticon anticon-down ant-select-suffix"
                      role="img"
                    >
                      <svg
                        aria-hidden="true"
                        data-icon="down"
                        fill="currentColor"
                        focusable="false"
                        height="1em"
                        viewBox="64 64 896 896"
                        width="1em"
                      >
                        <path
                          d="M884 256h-75c-5.1 0-9.9 2.5-12.9 6.6L512 654.2 227.9 262.6c-3-4.1-7.8-6.6-12.9-6.6h-75c-6.5 0-10.3 7.4-6.5 12.7l352.6 486.1c12.8 17.6 39 17.6 51.7 0l352.6-486.1c3.9-5.3.1-12.7-6.4-12.7z"
                        />
                      </svg>
                    </span>
                  </span>
                </div>
              </div>
            </div>
          </div>
        </div>
      </div>
      <div
        class="ant-col ant-col-6"
      >
        <div
          class="ant-row"
          style="margin-left: -4px; margin-right: -4px;"
        >
          <div
            class="ant-col ant-col-22"
            style="padding-left: 4px; padding-right: 4px;"
          >
            <div
              class="ant-row ant-form-item"
            >
              <div
                class="ant-col ant-form-item-label ant-col-xs-24 ant-col-sm-8"
              >
                <label
                  class=""
                  for="dataBaseInfo_0_instanceSchema"
                  title="order.sqlInfo.instanceSchema"
                >
                  order.sqlInfo.instanceSchema
                </label>
              </div>
              <div
                class="ant-col ant-form-item-control ant-col-xs-24 ant-col-sm-24 ant-col-md-24"
              >
                <div
                  class="ant-form-item-control-input"
                >
                  <div
                    class="ant-form-item-control-input-content"
                  >
                    <div
                      class="ant-select ant-select-single ant-select-allow-clear ant-select-show-arrow ant-select-disabled ant-select-show-search"
                    >
                      <div
                        class="ant-select-selector"
                      >
                        <span
                          class="ant-select-selection-search"
                        >
                          <input
                            aria-activedescendant="dataBaseInfo_0_instanceSchema_list_0"
                            aria-autocomplete="list"
                            aria-controls="dataBaseInfo_0_instanceSchema_list"
                            aria-expanded="false"
                            aria-haspopup="listbox"
                            aria-owns="dataBaseInfo_0_instanceSchema_list"
                            autocomplete="off"
                            class="ant-select-selection-search-input"
                            disabled=""
                            id="dataBaseInfo_0_instanceSchema"
                            role="combobox"
                            type="search"
                            value=""
                          />
                        </span>
                        <span
                          class="ant-select-selection-placeholder"
                        >
                          common.form.placeholder.select
                        </span>
                      </div>
                      <span
                        aria-hidden="true"
                        class="ant-select-arrow"
                        style="user-select: none;"
                        unselectable="on"
                      >
                        <span
                          aria-label="down"
                          class="anticon anticon-down ant-select-suffix"
                          role="img"
                        >
                          <svg
                            aria-hidden="true"
                            data-icon="down"
                            fill="currentColor"
                            focusable="false"
                            height="1em"
                            viewBox="64 64 896 896"
                            width="1em"
                          >
                            <path
                              d="M884 256h-75c-5.1 0-9.9 2.5-12.9 6.6L512 654.2 227.9 262.6c-3-4.1-7.8-6.6-12.9-6.6h-75c-6.5 0-10.3 7.4-6.5 12.7l352.6 486.1c12.8 17.6 39 17.6 51.7 0l352.6-486.1c3.9-5.3.1-12.7-6.4-12.7z"
                            />
                          </svg>
                        </span>
                      </span>
                    </div>
                  </div>
                </div>
              </div>
            </div>
          </div>
          <div
            class="ant-col ant-col-2"
            style="padding-left: 4px; padding-right: 4px;"
          />
        </div>
      </div>
    </div>
    <div
      class="ant-row ant-form-item"
    >
      <div
        class="ant-col ant-form-item-label"
      >
        <label
          class="ant-form-item-no-colon"
          title=" "
        >
           
        </label>
      </div>
      <div
        class="ant-col ant-form-item-control"
      >
        <div
          class="ant-form-item-control-input"
        >
          <div
            class="ant-form-item-control-input-content"
          >
            <button
              class="ant-btn ant-btn-dashed ant-btn-block"
              type="button"
            >
              <span
                aria-label="plus"
                class="anticon anticon-plus"
                role="img"
              >
                <svg
                  aria-hidden="true"
                  data-icon="plus"
                  fill="currentColor"
                  focusable="false"
                  height="1em"
                  viewBox="64 64 896 896"
                  width="1em"
                >
                  <defs>
                    <style />
                  </defs>
                  <path
                    d="M482 152h60q8 0 8 8v704q0 8-8 8h-60q-8 0-8-8V160q0-8 8-8z"
                  />
                  <path
                    d="M176 474h672q8 0 8 8v60q0 8-8 8H176q-8 0-8-8v-60q0-8 8-8z"
                  />
                </svg>
              </span>
              <span>
                order.sqlInfo.addInstance
              </span>
            </button>
          </div>
        </div>
      </div>
    </div>
  </form>
</div>
`;
