// Jest Snapshot v1, https://goo.gl/fbAQLP

exports[`userMonacoEditor should match snapshot for createDependencyProposals 1`] = `
Array [
  Object {
    "insertText": "ADD",
    "kind": "function",
    "label": "ADD",
    "range": Object {
      "endColumn": 1,
      "endLineNumber": 1,
      "startColumn": 1,
      "startLineNumber": 1,
    },
  },
  Object {
    "insertText": "ADD CONSTRAINT",
    "kind": "function",
    "label": "ADD CONSTRAINT",
    "range": Object {
      "endColumn": 1,
      "endLineNumber": 1,
      "startColumn": 1,
      "startLineNumber": 1,
    },
  },
  Object {
    "insertText": "ALTER",
    "kind": "function",
    "label": "ALTER",
    "range": Object {
      "endColumn": 1,
      "endLineNumber": 1,
      "startColumn": 1,
      "startLineNumber": 1,
    },
  },
  Object {
    "insertText": "ALTER COLUMN",
    "kind": "function",
    "label": "ALTER COLUMN",
    "range": Object {
      "endColumn": 1,
      "endLineNumber": 1,
      "startColumn": 1,
      "startLineNumber": 1,
    },
  },
  Object {
    "insertText": "ALTER TABLE",
    "kind": "function",
    "label": "ALTER TABLE",
    "range": Object {
      "endColumn": 1,
      "endLineNumber": 1,
      "startColumn": 1,
      "startLineNumber": 1,
    },
  },
  Object {
    "insertText": "ALL",
    "kind": "function",
    "label": "ALL",
    "range": Object {
      "endColumn": 1,
      "endLineNumber": 1,
      "startColumn": 1,
      "startLineNumber": 1,
    },
  },
  Object {
    "insertText": "AND",
    "kind": "function",
    "label": "AND",
    "range": Object {
      "endColumn": 1,
      "endLineNumber": 1,
      "startColumn": 1,
      "startLineNumber": 1,
    },
  },
  Object {
    "insertText": "ANY",
    "kind": "function",
    "label": "ANY",
    "range": Object {
      "endColumn": 1,
      "endLineNumber": 1,
      "startColumn": 1,
      "startLineNumber": 1,
    },
  },
  Object {
    "insertText": "AS",
    "kind": "function",
    "label": "AS",
    "range": Object {
      "endColumn": 1,
      "endLineNumber": 1,
      "startColumn": 1,
      "startLineNumber": 1,
    },
  },
  Object {
    "insertText": "ASC",
    "kind": "function",
    "label": "ASC",
    "range": Object {
      "endColumn": 1,
      "endLineNumber": 1,
      "startColumn": 1,
      "startLineNumber": 1,
    },
  },
  Object {
    "insertText": "BACKUP DATABASE",
    "kind": "function",
    "label": "BACKUP DATABASE",
    "range": Object {
      "endColumn": 1,
      "endLineNumber": 1,
      "startColumn": 1,
      "startLineNumber": 1,
    },
  },
  Object {
    "insertText": "BETWEEN",
    "kind": "function",
    "label": "BETWEEN",
    "range": Object {
      "endColumn": 1,
      "endLineNumber": 1,
      "startColumn": 1,
      "startLineNumber": 1,
    },
  },
  Object {
    "insertText": "CASE",
    "kind": "function",
    "label": "CASE",
    "range": Object {
      "endColumn": 1,
      "endLineNumber": 1,
      "startColumn": 1,
      "startLineNumber": 1,
    },
  },
  Object {
    "insertText": "CHECK",
    "kind": "function",
    "label": "CHECK",
    "range": Object {
      "endColumn": 1,
      "endLineNumber": 1,
      "startColumn": 1,
      "startLineNumber": 1,
    },
  },
  Object {
    "insertText": "COLUMN",
    "kind": "function",
    "label": "COLUMN",
    "range": Object {
      "endColumn": 1,
      "endLineNumber": 1,
      "startColumn": 1,
      "startLineNumber": 1,
    },
  },
  Object {
    "insertText": "CONSTRAINT",
    "kind": "function",
    "label": "CONSTRAINT",
    "range": Object {
      "endColumn": 1,
      "endLineNumber": 1,
      "startColumn": 1,
      "startLineNumber": 1,
    },
  },
  Object {
    "insertText": "CREATE",
    "kind": "function",
    "label": "CREATE",
    "range": Object {
      "endColumn": 1,
      "endLineNumber": 1,
      "startColumn": 1,
      "startLineNumber": 1,
    },
  },
  Object {
    "insertText": "CREATE DATABASE",
    "kind": "function",
    "label": "CREATE DATABASE",
    "range": Object {
      "endColumn": 1,
      "endLineNumber": 1,
      "startColumn": 1,
      "startLineNumber": 1,
    },
  },
  Object {
    "insertText": "CREATE INDEX",
    "kind": "function",
    "label": "CREATE INDEX",
    "range": Object {
      "endColumn": 1,
      "endLineNumber": 1,
      "startColumn": 1,
      "startLineNumber": 1,
    },
  },
  Object {
    "insertText": "CREATE OR REPLACE VIEW",
    "kind": "function",
    "label": "CREATE OR REPLACE VIEW",
    "range": Object {
      "endColumn": 1,
      "endLineNumber": 1,
      "startColumn": 1,
      "startLineNumber": 1,
    },
  },
  Object {
    "insertText": "CREATE TABLE",
    "kind": "function",
    "label": "CREATE TABLE",
    "range": Object {
      "endColumn": 1,
      "endLineNumber": 1,
      "startColumn": 1,
      "startLineNumber": 1,
    },
  },
  Object {
    "insertText": "CREATE PROCEDURE",
    "kind": "function",
    "label": "CREATE PROCEDURE",
    "range": Object {
      "endColumn": 1,
      "endLineNumber": 1,
      "startColumn": 1,
      "startLineNumber": 1,
    },
  },
  Object {
    "insertText": "CREATE UNIQUE INDEX",
    "kind": "function",
    "label": "CREATE UNIQUE INDEX",
    "range": Object {
      "endColumn": 1,
      "endLineNumber": 1,
      "startColumn": 1,
      "startLineNumber": 1,
    },
  },
  Object {
    "insertText": "CREATE VIEW",
    "kind": "function",
    "label": "CREATE VIEW",
    "range": Object {
      "endColumn": 1,
      "endLineNumber": 1,
      "startColumn": 1,
      "startLineNumber": 1,
    },
  },
  Object {
    "insertText": "DATABASE",
    "kind": "function",
    "label": "DATABASE",
    "range": Object {
      "endColumn": 1,
      "endLineNumber": 1,
      "startColumn": 1,
      "startLineNumber": 1,
    },
  },
  Object {
    "insertText": "DEFAULT",
    "kind": "function",
    "label": "DEFAULT",
    "range": Object {
      "endColumn": 1,
      "endLineNumber": 1,
      "startColumn": 1,
      "startLineNumber": 1,
    },
  },
  Object {
    "insertText": "DELETE",
    "kind": "function",
    "label": "DELETE",
    "range": Object {
      "endColumn": 1,
      "endLineNumber": 1,
      "startColumn": 1,
      "startLineNumber": 1,
    },
  },
  Object {
    "insertText": "DESC",
    "kind": "function",
    "label": "DESC",
    "range": Object {
      "endColumn": 1,
      "endLineNumber": 1,
      "startColumn": 1,
      "startLineNumber": 1,
    },
  },
  Object {
    "insertText": "DISTINCT",
    "kind": "function",
    "label": "DISTINCT",
    "range": Object {
      "endColumn": 1,
      "endLineNumber": 1,
      "startColumn": 1,
      "startLineNumber": 1,
    },
  },
  Object {
    "insertText": "DROP",
    "kind": "function",
    "label": "DROP",
    "range": Object {
      "endColumn": 1,
      "endLineNumber": 1,
      "startColumn": 1,
      "startLineNumber": 1,
    },
  },
  Object {
    "insertText": "DROP COLUMN",
    "kind": "function",
    "label": "DROP COLUMN",
    "range": Object {
      "endColumn": 1,
      "endLineNumber": 1,
      "startColumn": 1,
      "startLineNumber": 1,
    },
  },
  Object {
    "insertText": "DROP CONSTRAINT",
    "kind": "function",
    "label": "DROP CONSTRAINT",
    "range": Object {
      "endColumn": 1,
      "endLineNumber": 1,
      "startColumn": 1,
      "startLineNumber": 1,
    },
  },
  Object {
    "insertText": "DROP DATABASE",
    "kind": "function",
    "label": "DROP DATABASE",
    "range": Object {
      "endColumn": 1,
      "endLineNumber": 1,
      "startColumn": 1,
      "startLineNumber": 1,
    },
  },
  Object {
    "insertText": "DROP DEFAULT",
    "kind": "function",
    "label": "DROP DEFAULT",
    "range": Object {
      "endColumn": 1,
      "endLineNumber": 1,
      "startColumn": 1,
      "startLineNumber": 1,
    },
  },
  Object {
    "insertText": "DROP INDEX",
    "kind": "function",
    "label": "DROP INDEX",
    "range": Object {
      "endColumn": 1,
      "endLineNumber": 1,
      "startColumn": 1,
      "startLineNumber": 1,
    },
  },
  Object {
    "insertText": "DROP TABLE",
    "kind": "function",
    "label": "DROP TABLE",
    "range": Object {
      "endColumn": 1,
      "endLineNumber": 1,
      "startColumn": 1,
      "startLineNumber": 1,
    },
  },
  Object {
    "insertText": "DROP VIEW",
    "kind": "function",
    "label": "DROP VIEW",
    "range": Object {
      "endColumn": 1,
      "endLineNumber": 1,
      "startColumn": 1,
      "startLineNumber": 1,
    },
  },
  Object {
    "insertText": "EXEC",
    "kind": "function",
    "label": "EXEC",
    "range": Object {
      "endColumn": 1,
      "endLineNumber": 1,
      "startColumn": 1,
      "startLineNumber": 1,
    },
  },
  Object {
    "insertText": "EXISTS",
    "kind": "function",
    "label": "EXISTS",
    "range": Object {
      "endColumn": 1,
      "endLineNumber": 1,
      "startColumn": 1,
      "startLineNumber": 1,
    },
  },
  Object {
    "insertText": "FROM",
    "kind": "function",
    "label": "FROM",
    "range": Object {
      "endColumn": 1,
      "endLineNumber": 1,
      "startColumn": 1,
      "startLineNumber": 1,
    },
  },
  Object {
    "insertText": "FOREIGN KEY",
    "kind": "function",
    "label": "FOREIGN KEY",
    "range": Object {
      "endColumn": 1,
      "endLineNumber": 1,
      "startColumn": 1,
      "startLineNumber": 1,
    },
  },
  Object {
    "insertText": "FULL OUTER JOIN",
    "kind": "function",
    "label": "FULL OUTER JOIN",
    "range": Object {
      "endColumn": 1,
      "endLineNumber": 1,
      "startColumn": 1,
      "startLineNumber": 1,
    },
  },
  Object {
    "insertText": "GROUP BY",
    "kind": "function",
    "label": "GROUP BY",
    "range": Object {
      "endColumn": 1,
      "endLineNumber": 1,
      "startColumn": 1,
      "startLineNumber": 1,
    },
  },
  Object {
    "insertText": "HAVING",
    "kind": "function",
    "label": "HAVING",
    "range": Object {
      "endColumn": 1,
      "endLineNumber": 1,
      "startColumn": 1,
      "startLineNumber": 1,
    },
  },
  Object {
    "insertText": "IN",
    "kind": "function",
    "label": "IN",
    "range": Object {
      "endColumn": 1,
      "endLineNumber": 1,
      "startColumn": 1,
      "startLineNumber": 1,
    },
  },
  Object {
    "insertText": "INDEX",
    "kind": "function",
    "label": "INDEX",
    "range": Object {
      "endColumn": 1,
      "endLineNumber": 1,
      "startColumn": 1,
      "startLineNumber": 1,
    },
  },
  Object {
    "insertText": "INNER JOIN",
    "kind": "function",
    "label": "INNER JOIN",
    "range": Object {
      "endColumn": 1,
      "endLineNumber": 1,
      "startColumn": 1,
      "startLineNumber": 1,
    },
  },
  Object {
    "insertText": "INSERT INTO",
    "kind": "function",
    "label": "INSERT INTO",
    "range": Object {
      "endColumn": 1,
      "endLineNumber": 1,
      "startColumn": 1,
      "startLineNumber": 1,
    },
  },
  Object {
    "insertText": "INSERT INTO SELECT",
    "kind": "function",
    "label": "INSERT INTO SELECT",
    "range": Object {
      "endColumn": 1,
      "endLineNumber": 1,
      "startColumn": 1,
      "startLineNumber": 1,
    },
  },
  Object {
    "insertText": "IS NULL",
    "kind": "function",
    "label": "IS NULL",
    "range": Object {
      "endColumn": 1,
      "endLineNumber": 1,
      "startColumn": 1,
      "startLineNumber": 1,
    },
  },
  Object {
    "insertText": "IS NOT NULL",
    "kind": "function",
    "label": "IS NOT NULL",
    "range": Object {
      "endColumn": 1,
      "endLineNumber": 1,
      "startColumn": 1,
      "startLineNumber": 1,
    },
  },
  Object {
    "insertText": "JOIN",
    "kind": "function",
    "label": "JOIN",
    "range": Object {
      "endColumn": 1,
      "endLineNumber": 1,
      "startColumn": 1,
      "startLineNumber": 1,
    },
  },
  Object {
    "insertText": "LEFT JOIN",
    "kind": "function",
    "label": "LEFT JOIN",
    "range": Object {
      "endColumn": 1,
      "endLineNumber": 1,
      "startColumn": 1,
      "startLineNumber": 1,
    },
  },
  Object {
    "insertText": "LIKE",
    "kind": "function",
    "label": "LIKE",
    "range": Object {
      "endColumn": 1,
      "endLineNumber": 1,
      "startColumn": 1,
      "startLineNumber": 1,
    },
  },
  Object {
    "insertText": "LIMIT",
    "kind": "function",
    "label": "LIMIT",
    "range": Object {
      "endColumn": 1,
      "endLineNumber": 1,
      "startColumn": 1,
      "startLineNumber": 1,
    },
  },
  Object {
    "insertText": "NOT",
    "kind": "function",
    "label": "NOT",
    "range": Object {
      "endColumn": 1,
      "endLineNumber": 1,
      "startColumn": 1,
      "startLineNumber": 1,
    },
  },
  Object {
    "insertText": "NOT NULL",
    "kind": "function",
    "label": "NOT NULL",
    "range": Object {
      "endColumn": 1,
      "endLineNumber": 1,
      "startColumn": 1,
      "startLineNumber": 1,
    },
  },
  Object {
    "insertText": "OR",
    "kind": "function",
    "label": "OR",
    "range": Object {
      "endColumn": 1,
      "endLineNumber": 1,
      "startColumn": 1,
      "startLineNumber": 1,
    },
  },
  Object {
    "insertText": "ORDER BY",
    "kind": "function",
    "label": "ORDER BY",
    "range": Object {
      "endColumn": 1,
      "endLineNumber": 1,
      "startColumn": 1,
      "startLineNumber": 1,
    },
  },
  Object {
    "insertText": "OUTER JOIN",
    "kind": "function",
    "label": "OUTER JOIN",
    "range": Object {
      "endColumn": 1,
      "endLineNumber": 1,
      "startColumn": 1,
      "startLineNumber": 1,
    },
  },
  Object {
    "insertText": "PRIMARY KEY",
    "kind": "function",
    "label": "PRIMARY KEY",
    "range": Object {
      "endColumn": 1,
      "endLineNumber": 1,
      "startColumn": 1,
      "startLineNumber": 1,
    },
  },
  Object {
    "insertText": "PROCEDURE",
    "kind": "function",
    "label": "PROCEDURE",
    "range": Object {
      "endColumn": 1,
      "endLineNumber": 1,
      "startColumn": 1,
      "startLineNumber": 1,
    },
  },
  Object {
    "insertText": "RIGHT JOIN",
    "kind": "function",
    "label": "RIGHT JOIN",
    "range": Object {
      "endColumn": 1,
      "endLineNumber": 1,
      "startColumn": 1,
      "startLineNumber": 1,
    },
  },
  Object {
    "insertText": "ROWNUM",
    "kind": "function",
    "label": "ROWNUM",
    "range": Object {
      "endColumn": 1,
      "endLineNumber": 1,
      "startColumn": 1,
      "startLineNumber": 1,
    },
  },
  Object {
    "insertText": "SELECT",
    "kind": "function",
    "label": "SELECT",
    "range": Object {
      "endColumn": 1,
      "endLineNumber": 1,
      "startColumn": 1,
      "startLineNumber": 1,
    },
  },
  Object {
    "insertText": "SELECT DISTINCT",
    "kind": "function",
    "label": "SELECT DISTINCT",
    "range": Object {
      "endColumn": 1,
      "endLineNumber": 1,
      "startColumn": 1,
      "startLineNumber": 1,
    },
  },
  Object {
    "insertText": "SELECT INTO",
    "kind": "function",
    "label": "SELECT INTO",
    "range": Object {
      "endColumn": 1,
      "endLineNumber": 1,
      "startColumn": 1,
      "startLineNumber": 1,
    },
  },
  Object {
    "insertText": "SELECT TOP",
    "kind": "function",
    "label": "SELECT TOP",
    "range": Object {
      "endColumn": 1,
      "endLineNumber": 1,
      "startColumn": 1,
      "startLineNumber": 1,
    },
  },
  Object {
    "insertText": "SET",
    "kind": "function",
    "label": "SET",
    "range": Object {
      "endColumn": 1,
      "endLineNumber": 1,
      "startColumn": 1,
      "startLineNumber": 1,
    },
  },
  Object {
    "insertText": "TABLE",
    "kind": "function",
    "label": "TABLE",
    "range": Object {
      "endColumn": 1,
      "endLineNumber": 1,
      "startColumn": 1,
      "startLineNumber": 1,
    },
  },
  Object {
    "insertText": "TOP",
    "kind": "function",
    "label": "TOP",
    "range": Object {
      "endColumn": 1,
      "endLineNumber": 1,
      "startColumn": 1,
      "startLineNumber": 1,
    },
  },
  Object {
    "insertText": "TRUNCATE TABLE",
    "kind": "function",
    "label": "TRUNCATE TABLE",
    "range": Object {
      "endColumn": 1,
      "endLineNumber": 1,
      "startColumn": 1,
      "startLineNumber": 1,
    },
  },
  Object {
    "insertText": "UNION",
    "kind": "function",
    "label": "UNION",
    "range": Object {
      "endColumn": 1,
      "endLineNumber": 1,
      "startColumn": 1,
      "startLineNumber": 1,
    },
  },
  Object {
    "insertText": "UNION ALL",
    "kind": "function",
    "label": "UNION ALL",
    "range": Object {
      "endColumn": 1,
      "endLineNumber": 1,
      "startColumn": 1,
      "startLineNumber": 1,
    },
  },
  Object {
    "insertText": "UNIQUE",
    "kind": "function",
    "label": "UNIQUE",
    "range": Object {
      "endColumn": 1,
      "endLineNumber": 1,
      "startColumn": 1,
      "startLineNumber": 1,
    },
  },
  Object {
    "insertText": "UPDATE",
    "kind": "function",
    "label": "UPDATE",
    "range": Object {
      "endColumn": 1,
      "endLineNumber": 1,
      "startColumn": 1,
      "startLineNumber": 1,
    },
  },
  Object {
    "insertText": "VALUES",
    "kind": "function",
    "label": "VALUES",
    "range": Object {
      "endColumn": 1,
      "endLineNumber": 1,
      "startColumn": 1,
      "startLineNumber": 1,
    },
  },
  Object {
    "insertText": "VIEW",
    "kind": "function",
    "label": "VIEW",
    "range": Object {
      "endColumn": 1,
      "endLineNumber": 1,
      "startColumn": 1,
      "startLineNumber": 1,
    },
  },
  Object {
    "insertText": "WHERE",
    "kind": "function",
    "label": "WHERE",
    "range": Object {
      "endColumn": 1,
      "endLineNumber": 1,
      "startColumn": 1,
      "startLineNumber": 1,
    },
  },
]
`;
