// Jest Snapshot v1, https://goo.gl/fbAQLP

exports[`test Nav/Header/Modal should match snapshot 1`] = `
<body
  class="ant-scrolling-effect"
  style="width: calc(100% - 0px); overflow: hidden; overflow-x: hidden; overflow-y: hidden;"
>
  <div />
  <div>
    <div
      class="ant-modal-root"
    >
      <div
        class="ant-modal-mask"
      />
      <div
        aria-labelledby="rcDialogTitle0"
        class="ant-modal-wrap"
        role="dialog"
        tabindex="-1"
      >
        <div
          class="ant-modal version-modal-namespace"
          role="document"
          style="width: 520px;"
        >
          <div
            aria-hidden="true"
            style="width: 0px; height: 0px; overflow: hidden; outline: none;"
            tabindex="0"
          />
          <div
            class="ant-modal-content"
          >
            <button
              aria-label="Close"
              class="ant-modal-close"
              type="button"
            >
              <span
                class="ant-modal-close-x"
              >
                <span
                  aria-label="close"
                  class="anticon anticon-close ant-modal-close-icon"
                  role="img"
                >
                  <svg
                    aria-hidden="true"
                    data-icon="close"
                    fill="currentColor"
                    focusable="false"
                    height="1em"
                    viewBox="64 64 896 896"
                    width="1em"
                  >
                    <path
                      d="M563.8 512l262.5-312.9c4.4-5.2.7-13.1-6.1-13.1h-79.8c-4.7 0-9.2 2.1-12.3 5.7L511.6 449.8 295.1 191.7c-3-3.6-7.5-5.7-12.3-5.7H203c-6.8 0-10.5 7.9-6.1 13.1L459.4 512 196.9 824.9A7.95 7.95 0 00203 838h79.8c4.7 0 9.2-2.1 12.3-5.7l216.5-258.1 216.5 258.1c3 3.6 7.5 5.7 12.3 5.7h79.8c6.8 0 10.5-7.9 6.1-13.1L563.8 512z"
                    />
                  </svg>
                </span>
              </span>
            </button>
            <div
              class="ant-modal-header"
            >
              <div
                class="ant-modal-title"
                id="rcDialogTitle0"
              >
                system.log.version_title
              </div>
            </div>
            <div
              class="ant-modal-body"
            >
              <div
                class="ant-space ant-space-vertical ant-space-align-center"
                style="width: 100%;"
              >
                <div
                  class="ant-space-item"
                  style="margin-bottom: 8px;"
                >
                  <h2
                    class="ant-typography"
                  >
                    SQLE
                  </h2>
                </div>
                <div
                  class="ant-space-item"
                  style="margin-bottom: 8px;"
                >
                  <h5
                    class="ant-typography"
                  >
                    UI Version: 
                    feature/issue-110   72a0e52
                  </h5>
                </div>
                <div
                  class="ant-space-item"
                  style="margin-bottom: 8px;"
                >
                  <h5
                    class="ant-typography"
                  >
                    Server Version: 
                    issue_201 b1c2baedcb
                  </h5>
                </div>
                <div
                  class="ant-space-item"
                  style="margin-bottom: 8px;"
                >
                  <div
                    class="ant-typography text-indent"
                  >
                    <strong>
                      system.log.sqle_desc
                    </strong>
                  </div>
                </div>
                <div
                  class="ant-space-item"
                >
                  <div
                    class="ant-typography text-indent"
                    style="white-space: pre-line;"
                  >
                    <strong>
                      system.log.sqle_feature
                    </strong>
                  </div>
                </div>
              </div>
            </div>
            <div
              class="ant-modal-footer"
            >
              <button
                class="ant-btn ant-btn-primary"
                type="button"
              >
                <a
                  href="https://github.com/actiontech/sqle"
                  rel="noreferrer"
                  target="_blank"
                >
                  common.showMore
                </a>
              </button>
              <button
                class="ant-btn ant-btn-primary"
                type="button"
              >
                <span>
                  common.close
                </span>
              </button>
            </div>
          </div>
          <div
            aria-hidden="true"
            style="width: 0px; height: 0px; overflow: hidden; outline: none;"
            tabindex="0"
          />
        </div>
      </div>
    </div>
  </div>
</body>
`;
