// Jest Snapshot v1, https://goo.gl/fbAQLP

exports[`test ProjectDropdown should be able to search for projects properly 1`] = `
<body>
  <div>
    test
  </div>
  <div
    style="position: absolute; top: 0px; left: 0px; width: 100%;"
  >
    <div>
      <div
        class="ant-dropdown"
        style="opacity: 0; pointer-events: none;"
      >
        <ul
          class="ant-dropdown-menu ant-dropdown-menu-root ant-dropdown-menu-vertical ant-dropdown-menu-light project-dropdown-wrapper"
          data-menu-list="true"
          role="menu"
          tabindex="0"
        >
          <div
            class="ant-space ant-space-vertical"
            eventkey="plane"
          >
            <div
              class="ant-space-item"
              style="margin-bottom: 8px;"
            >
              <span
                class="ant-input-affix-wrapper"
              >
                <span
                  class="ant-input-prefix"
                >
                  <span
                    aria-label="search"
                    class="anticon anticon-search"
                    role="img"
                  >
                    <svg
                      aria-hidden="true"
                      data-icon="search"
                      fill="currentColor"
                      focusable="false"
                      height="1em"
                      viewBox="64 64 896 896"
                      width="1em"
                    >
                      <path
                        d="M909.6 854.5L649.9 594.8C690.2 542.7 712 479 712 412c0-80.2-31.3-155.4-87.9-212.1-56.6-56.7-132-87.9-212.1-87.9s-155.5 31.3-212.1 87.9C143.2 256.5 112 331.8 112 412c0 80.1 31.3 155.5 87.9 212.1C256.5 680.8 331.8 712 412 712c67 0 130.6-21.8 182.7-62l259.7 259.6a8.2 8.2 0 0011.6 0l43.6-43.5a8.2 8.2 0 000-11.6zM570.4 570.4C528 612.7 471.8 636 412 636s-116-23.3-158.4-65.6C211.3 528 188 471.8 188 412s23.3-116.1 65.6-158.4C296 211.3 352.2 188 412 188s116.1 23.2 158.4 65.6S636 352.2 636 412s-23.3 116.1-65.6 158.4z"
                      />
                    </svg>
                  </span>
                </span>
                <input
                  class="ant-input"
                  data-testid="search-project-input"
                  placeholder="projectManage.projectList.searchProject.placeholder"
                  type="text"
                  value="d"
                />
                <span
                  class="ant-input-suffix"
                >
                  <span
                    aria-label="close-circle"
                    class="anticon anticon-close-circle ant-input-clear-icon"
                    role="button"
                    tabindex="-1"
                  >
                    <svg
                      aria-hidden="true"
                      data-icon="close-circle"
                      fill="currentColor"
                      focusable="false"
                      height="1em"
                      viewBox="64 64 896 896"
                      width="1em"
                    >
                      <path
                        d="M512 64C264.6 64 64 264.6 64 512s200.6 448 448 448 448-200.6 448-448S759.4 64 512 64zm165.4 618.2l-66-.3L512 563.4l-99.3 118.4-66.1.3c-4.4 0-8-3.5-8-8 0-1.9.7-3.7 1.9-5.2l130.1-155L340.5 359a8.32 8.32 0 01-1.9-5.2c0-4.4 3.6-8 8-8l66.1.3L512 464.6l99.3-118.4 66-.3c4.4 0 8 3.5 8 8 0 1.9-.7 3.7-1.9 5.2L553.5 514l130 155c1.2 1.5 1.9 3.3 1.9 5.2 0 4.4-3.6 8-8 8z"
                      />
                    </svg>
                  </span>
                </span>
              </span>
            </div>
            <div
              class="ant-space-item"
            >
              <div
                class="project-dropdown-search-result-wrapper"
              >
                <div
                  class="project-dropdown-name-wrapper makeStyles-optionsHover-12"
                >
                  default
                </div>
              </div>
            </div>
          </div>
          <li
            class="ant-dropdown-menu-item-divider"
          />
          <li
            class="ant-dropdown-menu-item ant-dropdown-menu-item-only-child"
            data-menu-id="rc-menu-uuid-test-allProject"
            role="menuitem"
            tabindex="-1"
          >
            <span
              class="ant-dropdown-menu-title-content"
            >
              <span
                class="ant-typography"
              >
                <strong>
                  projectManage.projectList.allProject
                </strong>
              </span>
            </span>
          </li>
        </ul>
        <div
          aria-hidden="true"
          style="display: none;"
        >
          <div
            class="ant-space ant-space-vertical"
            eventkey="plane"
          >
            <div
              class="ant-space-item"
              style="margin-bottom: 8px;"
            >
              <span
                class="ant-input-affix-wrapper"
              >
                <span
                  class="ant-input-prefix"
                >
                  <span
                    aria-label="search"
                    class="anticon anticon-search"
                    role="img"
                  >
                    <svg
                      aria-hidden="true"
                      data-icon="search"
                      fill="currentColor"
                      focusable="false"
                      height="1em"
                      viewBox="64 64 896 896"
                      width="1em"
                    >
                      <path
                        d="M909.6 854.5L649.9 594.8C690.2 542.7 712 479 712 412c0-80.2-31.3-155.4-87.9-212.1-56.6-56.7-132-87.9-212.1-87.9s-155.5 31.3-212.1 87.9C143.2 256.5 112 331.8 112 412c0 80.1 31.3 155.5 87.9 212.1C256.5 680.8 331.8 712 412 712c67 0 130.6-21.8 182.7-62l259.7 259.6a8.2 8.2 0 0011.6 0l43.6-43.5a8.2 8.2 0 000-11.6zM570.4 570.4C528 612.7 471.8 636 412 636s-116-23.3-158.4-65.6C211.3 528 188 471.8 188 412s23.3-116.1 65.6-158.4C296 211.3 352.2 188 412 188s116.1 23.2 158.4 65.6S636 352.2 636 412s-23.3 116.1-65.6 158.4z"
                      />
                    </svg>
                  </span>
                </span>
                <input
                  class="ant-input"
                  data-testid="search-project-input"
                  placeholder="projectManage.projectList.searchProject.placeholder"
                  type="text"
                  value="d"
                />
                <span
                  class="ant-input-suffix"
                >
                  <span
                    aria-label="close-circle"
                    class="anticon anticon-close-circle ant-input-clear-icon"
                    role="button"
                    tabindex="-1"
                  >
                    <svg
                      aria-hidden="true"
                      data-icon="close-circle"
                      fill="currentColor"
                      focusable="false"
                      height="1em"
                      viewBox="64 64 896 896"
                      width="1em"
                    >
                      <path
                        d="M512 64C264.6 64 64 264.6 64 512s200.6 448 448 448 448-200.6 448-448S759.4 64 512 64zm165.4 618.2l-66-.3L512 563.4l-99.3 118.4-66.1.3c-4.4 0-8-3.5-8-8 0-1.9.7-3.7 1.9-5.2l130.1-155L340.5 359a8.32 8.32 0 01-1.9-5.2c0-4.4 3.6-8 8-8l66.1.3L512 464.6l99.3-118.4 66-.3c4.4 0 8 3.5 8 8 0 1.9-.7 3.7-1.9 5.2L553.5 514l130 155c1.2 1.5 1.9 3.3 1.9 5.2 0 4.4-3.6 8-8 8z"
                      />
                    </svg>
                  </span>
                </span>
              </span>
            </div>
            <div
              class="ant-space-item"
            >
              <div
                class="project-dropdown-search-result-wrapper"
              >
                <div
                  class="project-dropdown-name-wrapper makeStyles-optionsHover-12"
                >
                  default
                </div>
              </div>
            </div>
          </div>
        </div>
      </div>
    </div>
  </div>
</body>
`;

exports[`test ProjectDropdown should match snapshot 1`] = `
<body>
  <div>
    test
  </div>
  <div
    style="position: absolute; top: 0px; left: 0px; width: 100%;"
  >
    <div>
      <div
        class="ant-dropdown"
        style="opacity: 0; pointer-events: none;"
      >
        <ul
          class="ant-dropdown-menu ant-dropdown-menu-root ant-dropdown-menu-vertical ant-dropdown-menu-light project-dropdown-wrapper"
          data-menu-list="true"
          role="menu"
          tabindex="0"
        >
          <div
            class="ant-space ant-space-vertical"
            eventkey="plane"
          >
            <div
              class="ant-space-item"
              style="margin-bottom: 8px;"
            >
              <span
                class="ant-input-affix-wrapper"
              >
                <span
                  class="ant-input-prefix"
                >
                  <span
                    aria-label="search"
                    class="anticon anticon-search"
                    role="img"
                  >
                    <svg
                      aria-hidden="true"
                      data-icon="search"
                      fill="currentColor"
                      focusable="false"
                      height="1em"
                      viewBox="64 64 896 896"
                      width="1em"
                    >
                      <path
                        d="M909.6 854.5L649.9 594.8C690.2 542.7 712 479 712 412c0-80.2-31.3-155.4-87.9-212.1-56.6-56.7-132-87.9-212.1-87.9s-155.5 31.3-212.1 87.9C143.2 256.5 112 331.8 112 412c0 80.1 31.3 155.5 87.9 212.1C256.5 680.8 331.8 712 412 712c67 0 130.6-21.8 182.7-62l259.7 259.6a8.2 8.2 0 0011.6 0l43.6-43.5a8.2 8.2 0 000-11.6zM570.4 570.4C528 612.7 471.8 636 412 636s-116-23.3-158.4-65.6C211.3 528 188 471.8 188 412s23.3-116.1 65.6-158.4C296 211.3 352.2 188 412 188s116.1 23.2 158.4 65.6S636 352.2 636 412s-23.3 116.1-65.6 158.4z"
                      />
                    </svg>
                  </span>
                </span>
                <input
                  class="ant-input"
                  data-testid="search-project-input"
                  placeholder="projectManage.projectList.searchProject.placeholder"
                  type="text"
                  value=""
                />
                <span
                  class="ant-input-suffix"
                >
                  <span
                    aria-label="close-circle"
                    class="anticon anticon-close-circle ant-input-clear-icon-hidden ant-input-clear-icon"
                    role="button"
                    tabindex="-1"
                  >
                    <svg
                      aria-hidden="true"
                      data-icon="close-circle"
                      fill="currentColor"
                      focusable="false"
                      height="1em"
                      viewBox="64 64 896 896"
                      width="1em"
                    >
                      <path
                        d="M512 64C264.6 64 64 264.6 64 512s200.6 448 448 448 448-200.6 448-448S759.4 64 512 64zm165.4 618.2l-66-.3L512 563.4l-99.3 118.4-66.1.3c-4.4 0-8-3.5-8-8 0-1.9.7-3.7 1.9-5.2l130.1-155L340.5 359a8.32 8.32 0 01-1.9-5.2c0-4.4 3.6-8 8-8l66.1.3L512 464.6l99.3-118.4 66-.3c4.4 0 8 3.5 8 8 0 1.9-.7 3.7-1.9 5.2L553.5 514l130 155c1.2 1.5 1.9 3.3 1.9 5.2 0 4.4-3.6 8-8 8z"
                      />
                    </svg>
                  </span>
                </span>
              </span>
            </div>
            <div
              class="ant-space-item"
            >
              <div
                class="ant-space ant-space-vertical full-width-element"
              >
                <div
                  class="ant-space-item"
                  style="margin-bottom: 8px;"
                >
                  <span
                    class="ant-typography"
                  >
                    <strong>
                      projectManage.projectList.searchProject.recentlyOpenedProjects
                    </strong>
                  </span>
                </div>
                <div
                  class="ant-space-item"
                >
                  <span
                    class="ant-typography ant-typography-secondary"
                    style="margin-left: 12px;"
                  >
                    projectManage.projectList.searchProject.notRecentlyOpenedProjects
                  </span>
                </div>
              </div>
            </div>
          </div>
          <li
            class="ant-dropdown-menu-item-divider"
          />
          <li
            class="ant-dropdown-menu-item ant-dropdown-menu-item-only-child"
            data-menu-id="rc-menu-uuid-test-allProject"
            role="menuitem"
            tabindex="-1"
          >
            <span
              class="ant-dropdown-menu-title-content"
            >
              <span
                class="ant-typography"
              >
                <strong>
                  projectManage.projectList.allProject
                </strong>
              </span>
            </span>
          </li>
        </ul>
        <div
          aria-hidden="true"
          style="display: none;"
        >
          <div
            class="ant-space ant-space-vertical"
            eventkey="plane"
          >
            <div
              class="ant-space-item"
              style="margin-bottom: 8px;"
            >
              <span
                class="ant-input-affix-wrapper"
              >
                <span
                  class="ant-input-prefix"
                >
                  <span
                    aria-label="search"
                    class="anticon anticon-search"
                    role="img"
                  >
                    <svg
                      aria-hidden="true"
                      data-icon="search"
                      fill="currentColor"
                      focusable="false"
                      height="1em"
                      viewBox="64 64 896 896"
                      width="1em"
                    >
                      <path
                        d="M909.6 854.5L649.9 594.8C690.2 542.7 712 479 712 412c0-80.2-31.3-155.4-87.9-212.1-56.6-56.7-132-87.9-212.1-87.9s-155.5 31.3-212.1 87.9C143.2 256.5 112 331.8 112 412c0 80.1 31.3 155.5 87.9 212.1C256.5 680.8 331.8 712 412 712c67 0 130.6-21.8 182.7-62l259.7 259.6a8.2 8.2 0 0011.6 0l43.6-43.5a8.2 8.2 0 000-11.6zM570.4 570.4C528 612.7 471.8 636 412 636s-116-23.3-158.4-65.6C211.3 528 188 471.8 188 412s23.3-116.1 65.6-158.4C296 211.3 352.2 188 412 188s116.1 23.2 158.4 65.6S636 352.2 636 412s-23.3 116.1-65.6 158.4z"
                      />
                    </svg>
                  </span>
                </span>
                <input
                  class="ant-input"
                  data-testid="search-project-input"
                  placeholder="projectManage.projectList.searchProject.placeholder"
                  type="text"
                  value=""
                />
                <span
                  class="ant-input-suffix"
                >
                  <span
                    aria-label="close-circle"
                    class="anticon anticon-close-circle ant-input-clear-icon-hidden ant-input-clear-icon"
                    role="button"
                    tabindex="-1"
                  >
                    <svg
                      aria-hidden="true"
                      data-icon="close-circle"
                      fill="currentColor"
                      focusable="false"
                      height="1em"
                      viewBox="64 64 896 896"
                      width="1em"
                    >
                      <path
                        d="M512 64C264.6 64 64 264.6 64 512s200.6 448 448 448 448-200.6 448-448S759.4 64 512 64zm165.4 618.2l-66-.3L512 563.4l-99.3 118.4-66.1.3c-4.4 0-8-3.5-8-8 0-1.9.7-3.7 1.9-5.2l130.1-155L340.5 359a8.32 8.32 0 01-1.9-5.2c0-4.4 3.6-8 8-8l66.1.3L512 464.6l99.3-118.4 66-.3c4.4 0 8 3.5 8 8 0 1.9-.7 3.7-1.9 5.2L553.5 514l130 155c1.2 1.5 1.9 3.3 1.9 5.2 0 4.4-3.6 8-8 8z"
                      />
                    </svg>
                  </span>
                </span>
              </span>
            </div>
            <div
              class="ant-space-item"
            >
              <div
                class="ant-space ant-space-vertical full-width-element"
              >
                <div
                  class="ant-space-item"
                  style="margin-bottom: 8px;"
                >
                  <span
                    class="ant-typography"
                  >
                    <strong>
                      projectManage.projectList.searchProject.recentlyOpenedProjects
                    </strong>
                  </span>
                </div>
                <div
                  class="ant-space-item"
                >
                  <span
                    class="ant-typography ant-typography-secondary"
                    style="margin-left: 12px;"
                  >
                    projectManage.projectList.searchProject.notRecentlyOpenedProjects
                  </span>
                </div>
              </div>
            </div>
          </div>
        </div>
      </div>
    </div>
  </div>
</body>
`;

exports[`test ProjectDropdown should update the recently used item when clicking on the project 1`] = `
<body>
  <div>
    test
  </div>
  <div
    style="position: absolute; top: 0px; left: 0px; width: 100%;"
  >
    <div>
      <div
        class="ant-dropdown"
        style="opacity: 0; pointer-events: none;"
      >
        <ul
          class="ant-dropdown-menu ant-dropdown-menu-root ant-dropdown-menu-vertical ant-dropdown-menu-light project-dropdown-wrapper"
          data-menu-list="true"
          role="menu"
          tabindex="0"
        >
          <div
            class="ant-space ant-space-vertical"
            eventkey="plane"
          >
            <div
              class="ant-space-item"
              style="margin-bottom: 8px;"
            >
              <span
                class="ant-input-affix-wrapper"
              >
                <span
                  class="ant-input-prefix"
                >
                  <span
                    aria-label="search"
                    class="anticon anticon-search"
                    role="img"
                  >
                    <svg
                      aria-hidden="true"
                      data-icon="search"
                      fill="currentColor"
                      focusable="false"
                      height="1em"
                      viewBox="64 64 896 896"
                      width="1em"
                    >
                      <path
                        d="M909.6 854.5L649.9 594.8C690.2 542.7 712 479 712 412c0-80.2-31.3-155.4-87.9-212.1-56.6-56.7-132-87.9-212.1-87.9s-155.5 31.3-212.1 87.9C143.2 256.5 112 331.8 112 412c0 80.1 31.3 155.5 87.9 212.1C256.5 680.8 331.8 712 412 712c67 0 130.6-21.8 182.7-62l259.7 259.6a8.2 8.2 0 0011.6 0l43.6-43.5a8.2 8.2 0 000-11.6zM570.4 570.4C528 612.7 471.8 636 412 636s-116-23.3-158.4-65.6C211.3 528 188 471.8 188 412s23.3-116.1 65.6-158.4C296 211.3 352.2 188 412 188s116.1 23.2 158.4 65.6S636 352.2 636 412s-23.3 116.1-65.6 158.4z"
                      />
                    </svg>
                  </span>
                </span>
                <input
                  class="ant-input"
                  data-testid="search-project-input"
                  placeholder="projectManage.projectList.searchProject.placeholder"
                  type="text"
                  value="d"
                />
                <span
                  class="ant-input-suffix"
                >
                  <span
                    aria-label="close-circle"
                    class="anticon anticon-close-circle ant-input-clear-icon"
                    role="button"
                    tabindex="-1"
                  >
                    <svg
                      aria-hidden="true"
                      data-icon="close-circle"
                      fill="currentColor"
                      focusable="false"
                      height="1em"
                      viewBox="64 64 896 896"
                      width="1em"
                    >
                      <path
                        d="M512 64C264.6 64 64 264.6 64 512s200.6 448 448 448 448-200.6 448-448S759.4 64 512 64zm165.4 618.2l-66-.3L512 563.4l-99.3 118.4-66.1.3c-4.4 0-8-3.5-8-8 0-1.9.7-3.7 1.9-5.2l130.1-155L340.5 359a8.32 8.32 0 01-1.9-5.2c0-4.4 3.6-8 8-8l66.1.3L512 464.6l99.3-118.4 66-.3c4.4 0 8 3.5 8 8 0 1.9-.7 3.7-1.9 5.2L553.5 514l130 155c1.2 1.5 1.9 3.3 1.9 5.2 0 4.4-3.6 8-8 8z"
                      />
                    </svg>
                  </span>
                </span>
              </span>
            </div>
            <div
              class="ant-space-item"
            >
              <div
                class="project-dropdown-search-result-wrapper"
              >
                <div
                  class="project-dropdown-name-wrapper makeStyles-optionsHover-8"
                >
                  default
                </div>
              </div>
            </div>
          </div>
          <li
            class="ant-dropdown-menu-item-divider"
          />
          <li
            class="ant-dropdown-menu-item ant-dropdown-menu-item-only-child"
            data-menu-id="rc-menu-uuid-test-allProject"
            role="menuitem"
            tabindex="-1"
          >
            <span
              class="ant-dropdown-menu-title-content"
            >
              <span
                class="ant-typography"
              >
                <strong>
                  projectManage.projectList.allProject
                </strong>
              </span>
            </span>
          </li>
        </ul>
        <div
          aria-hidden="true"
          style="display: none;"
        >
          <div
            class="ant-space ant-space-vertical"
            eventkey="plane"
          >
            <div
              class="ant-space-item"
              style="margin-bottom: 8px;"
            >
              <span
                class="ant-input-affix-wrapper"
              >
                <span
                  class="ant-input-prefix"
                >
                  <span
                    aria-label="search"
                    class="anticon anticon-search"
                    role="img"
                  >
                    <svg
                      aria-hidden="true"
                      data-icon="search"
                      fill="currentColor"
                      focusable="false"
                      height="1em"
                      viewBox="64 64 896 896"
                      width="1em"
                    >
                      <path
                        d="M909.6 854.5L649.9 594.8C690.2 542.7 712 479 712 412c0-80.2-31.3-155.4-87.9-212.1-56.6-56.7-132-87.9-212.1-87.9s-155.5 31.3-212.1 87.9C143.2 256.5 112 331.8 112 412c0 80.1 31.3 155.5 87.9 212.1C256.5 680.8 331.8 712 412 712c67 0 130.6-21.8 182.7-62l259.7 259.6a8.2 8.2 0 0011.6 0l43.6-43.5a8.2 8.2 0 000-11.6zM570.4 570.4C528 612.7 471.8 636 412 636s-116-23.3-158.4-65.6C211.3 528 188 471.8 188 412s23.3-116.1 65.6-158.4C296 211.3 352.2 188 412 188s116.1 23.2 158.4 65.6S636 352.2 636 412s-23.3 116.1-65.6 158.4z"
                      />
                    </svg>
                  </span>
                </span>
                <input
                  class="ant-input"
                  data-testid="search-project-input"
                  placeholder="projectManage.projectList.searchProject.placeholder"
                  type="text"
                  value="d"
                />
                <span
                  class="ant-input-suffix"
                >
                  <span
                    aria-label="close-circle"
                    class="anticon anticon-close-circle ant-input-clear-icon"
                    role="button"
                    tabindex="-1"
                  >
                    <svg
                      aria-hidden="true"
                      data-icon="close-circle"
                      fill="currentColor"
                      focusable="false"
                      height="1em"
                      viewBox="64 64 896 896"
                      width="1em"
                    >
                      <path
                        d="M512 64C264.6 64 64 264.6 64 512s200.6 448 448 448 448-200.6 448-448S759.4 64 512 64zm165.4 618.2l-66-.3L512 563.4l-99.3 118.4-66.1.3c-4.4 0-8-3.5-8-8 0-1.9.7-3.7 1.9-5.2l130.1-155L340.5 359a8.32 8.32 0 01-1.9-5.2c0-4.4 3.6-8 8-8l66.1.3L512 464.6l99.3-118.4 66-.3c4.4 0 8 3.5 8 8 0 1.9-.7 3.7-1.9 5.2L553.5 514l130 155c1.2 1.5 1.9 3.3 1.9 5.2 0 4.4-3.6 8-8 8z"
                      />
                    </svg>
                  </span>
                </span>
              </span>
            </div>
            <div
              class="ant-space-item"
            >
              <div
                class="project-dropdown-search-result-wrapper"
              >
                <div
                  class="project-dropdown-name-wrapper makeStyles-optionsHover-8"
                >
                  default
                </div>
              </div>
            </div>
          </div>
        </div>
      </div>
    </div>
  </div>
</body>
`;
