// Jest Snapshot v1, https://goo.gl/fbAQLP

exports[`UserGroupForm should match snapshot 1`] = `
<div>
  <form
    class="ant-form ant-form-horizontal"
  >
    <div
      class="ant-row ant-form-item"
    >
      <div
        class="ant-col ant-form-item-label ant-col-xs-24 ant-col-sm-7"
      >
        <label
          class="ant-form-item-required"
          for="userGroupName"
          title="userGroup.userGroupField.userGroupName"
        >
          userGroup.userGroupField.userGroupName
        </label>
      </div>
      <div
        class="ant-col ant-form-item-control ant-col-xs-24 ant-col-sm-13"
      >
        <div
          class="ant-form-item-control-input"
        >
          <div
            class="ant-form-item-control-input-content"
          >
            <input
              class="ant-input"
              id="userGroupName"
              placeholder="common.form.placeholder.input"
              type="text"
              value=""
            />
          </div>
        </div>
      </div>
    </div>
    <div
      class="ant-row ant-form-item"
    >
      <div
        class="ant-col ant-form-item-label ant-col-xs-24 ant-col-sm-7"
      >
        <label
          class=""
          for="userGroupDesc"
          title="userGroup.userGroupField.userGroupDesc"
        >
          userGroup.userGroupField.userGroupDesc
        </label>
      </div>
      <div
        class="ant-col ant-form-item-control ant-col-xs-24 ant-col-sm-13"
      >
        <div
          class="ant-form-item-control-input"
        >
          <div
            class="ant-form-item-control-input-content"
          >
            <textarea
              class="ant-input"
              id="userGroupDesc"
              placeholder="common.form.placeholder.input"
            />
          </div>
        </div>
      </div>
    </div>
    <div
      class="ant-row ant-form-item"
    >
      <div
        class="ant-col ant-form-item-label ant-col-xs-24 ant-col-sm-7"
      >
        <label
          class=""
          for="roleList"
          title="userGroup.userGroupField.roleNameList"
        >
          userGroup.userGroupField.roleNameList
        </label>
      </div>
      <div
        class="ant-col ant-form-item-control ant-col-xs-24 ant-col-sm-13"
      >
        <div
          class="ant-form-item-control-input"
        >
          <div
            class="ant-form-item-control-input-content"
          >
            <div
              class="ant-select ant-select-multiple ant-select-show-search"
            >
              <div
                class="ant-select-selector"
              >
                <div
                  class="ant-select-selection-overflow"
                >
                  <div
                    class="ant-select-selection-overflow-item ant-select-selection-overflow-item-suffix"
                    style="opacity: 1;"
                  >
                    <div
                      class="ant-select-selection-search"
                      style="width: 0px;"
                    >
                      <input
                        aria-activedescendant="roleList_list_0"
                        aria-autocomplete="list"
                        aria-controls="roleList_list"
                        aria-haspopup="listbox"
                        aria-owns="roleList_list"
                        autocomplete="off"
                        class="ant-select-selection-search-input"
                        id="roleList"
                        readonly=""
                        role="combobox"
                        style="opacity: 0;"
                        type="search"
                        unselectable="on"
                        value=""
                      />
                      <span
                        aria-hidden="true"
                        class="ant-select-selection-search-mirror"
                      >
                        
                         
                      </span>
                    </div>
                  </div>
                </div>
                <span
                  class="ant-select-selection-placeholder"
                >
                  common.form.placeholder.select
                </span>
              </div>
            </div>
          </div>
        </div>
      </div>
    </div>
    <div
      class="ant-row ant-form-item"
    >
      <div
        class="ant-col ant-form-item-label ant-col-xs-24 ant-col-sm-7"
      >
        <label
          class=""
          for="userList"
          title="userGroup.userGroupField.userNameList"
        >
          userGroup.userGroupField.userNameList
        </label>
      </div>
      <div
        class="ant-col ant-form-item-control ant-col-xs-24 ant-col-sm-13"
      >
        <div
          class="ant-form-item-control-input"
        >
          <div
            class="ant-form-item-control-input-content"
          >
            <div
              class="ant-select ant-select-multiple ant-select-show-search"
            >
              <div
                class="ant-select-selector"
              >
                <div
                  class="ant-select-selection-overflow"
                >
                  <div
                    class="ant-select-selection-overflow-item ant-select-selection-overflow-item-suffix"
                    style="opacity: 1;"
                  >
                    <div
                      class="ant-select-selection-search"
                      style="width: 0px;"
                    >
                      <input
                        aria-activedescendant="userList_list_0"
                        aria-autocomplete="list"
                        aria-controls="userList_list"
                        aria-haspopup="listbox"
                        aria-owns="userList_list"
                        autocomplete="off"
                        class="ant-select-selection-search-input"
                        id="userList"
                        readonly=""
                        role="combobox"
                        style="opacity: 0;"
                        type="search"
                        unselectable="on"
                        value=""
                      />
                      <span
                        aria-hidden="true"
                        class="ant-select-selection-search-mirror"
                      >
                        
                         
                      </span>
                    </div>
                  </div>
                </div>
                <span
                  class="ant-select-selection-placeholder"
                >
                  common.form.placeholder.select
                </span>
              </div>
            </div>
          </div>
        </div>
      </div>
    </div>
  </form>
</div>
`;
