// Jest Snapshot v1, https://goo.gl/fbAQLP

exports[`User should match snapshot 1`] = `
<article
  className="user-manage-page"
>
  <PageHeader
    ghost={false}
    title="user.pageTitle"
  >
    user.pageDesc
  </PageHeader>
  <section
    className="padding-content"
  >
    <Component />
  </section>
  <UserModal />
</article>
`;
