// Jest Snapshot v1, https://goo.gl/fbAQLP

exports[`useUserGroup should get group data from request 1`] = `
<body>
  <div>
    <div
      class="ant-select ant-select-single ant-select-show-arrow"
    >
      <div
        class="ant-select-selector"
      >
        <span
          class="ant-select-selection-search"
        >
          <input
            aria-activedescendant="rc_select_TEST_OR_SSR_list_0"
            aria-autocomplete="list"
            aria-controls="rc_select_TEST_OR_SSR_list"
            aria-haspopup="listbox"
            aria-owns="rc_select_TEST_OR_SSR_list"
            autocomplete="off"
            class="ant-select-selection-search-input"
            id="rc_select_TEST_OR_SSR"
            readonly=""
            role="combobox"
            style="opacity: 0;"
            type="search"
            unselectable="on"
            value=""
          />
        </span>
        <span
          class="ant-select-selection-placeholder"
        />
      </div>
      <span
        aria-hidden="true"
        class="ant-select-arrow"
        style="user-select: none;"
        unselectable="on"
      >
        <span
          aria-label="down"
          class="anticon anticon-down ant-select-suffix"
          role="img"
        >
          <svg
            aria-hidden="true"
            data-icon="down"
            fill="currentColor"
            focusable="false"
            height="1em"
            viewBox="64 64 896 896"
            width="1em"
          >
            <path
              d="M884 256h-75c-5.1 0-9.9 2.5-12.9 6.6L512 654.2 227.9 262.6c-3-4.1-7.8-6.6-12.9-6.6h-75c-6.5 0-10.3 7.4-6.5 12.7l352.6 486.1c12.8 17.6 39 17.6 51.7 0l352.6-486.1c3.9-5.3.1-12.7-6.4-12.7z"
            />
          </svg>
        </span>
      </span>
    </div>
  </div>
</body>
`;

exports[`useUserGroup should get group data from request 2`] = `
<body>
  <div>
    <div
      class="ant-select ant-select-single ant-select-show-arrow"
      data-testid="testId"
    >
      <div
        class="ant-select-selector"
      >
        <span
          class="ant-select-selection-search"
        >
          <input
            aria-activedescendant="rc_select_TEST_OR_SSR_list_0"
            aria-autocomplete="list"
            aria-controls="rc_select_TEST_OR_SSR_list"
            aria-haspopup="listbox"
            aria-owns="rc_select_TEST_OR_SSR_list"
            autocomplete="off"
            class="ant-select-selection-search-input"
            id="rc_select_TEST_OR_SSR"
            readonly=""
            role="combobox"
            style="opacity: 0;"
            type="search"
            unselectable="on"
            value=""
          />
        </span>
        <span
          class="ant-select-selection-item"
          title="value1"
        >
          value1
        </span>
      </div>
      <span
        aria-hidden="true"
        class="ant-select-arrow"
        style="user-select: none;"
        unselectable="on"
      >
        <span
          aria-label="down"
          class="anticon anticon-down ant-select-suffix"
          role="img"
        >
          <svg
            aria-hidden="true"
            data-icon="down"
            fill="currentColor"
            focusable="false"
            height="1em"
            viewBox="64 64 896 896"
            width="1em"
          >
            <path
              d="M884 256h-75c-5.1 0-9.9 2.5-12.9 6.6L512 654.2 227.9 262.6c-3-4.1-7.8-6.6-12.9-6.6h-75c-6.5 0-10.3 7.4-6.5 12.7l352.6 486.1c12.8 17.6 39 17.6 51.7 0l352.6-486.1c3.9-5.3.1-12.7-6.4-12.7z"
            />
          </svg>
        </span>
      </span>
    </div>
  </div>
</body>
`;

exports[`useUserGroup should get group data from request 3`] = `
<body>
  <div>
    <div
      class="ant-select ant-select-single ant-select-show-arrow ant-select-open"
      data-testid="testId"
    >
      <div
        class="ant-select-selector"
      >
        <span
          class="ant-select-selection-search"
        >
          <input
            aria-activedescendant="rc_select_TEST_OR_SSR_list_0"
            aria-autocomplete="list"
            aria-controls="rc_select_TEST_OR_SSR_list"
            aria-expanded="true"
            aria-haspopup="listbox"
            aria-owns="rc_select_TEST_OR_SSR_list"
            autocomplete="off"
            class="ant-select-selection-search-input"
            id="rc_select_TEST_OR_SSR"
            readonly=""
            role="combobox"
            style="opacity: 0;"
            type="search"
            unselectable="on"
            value=""
          />
        </span>
        <span
          class="ant-select-selection-item"
          title="value1"
        >
          value1
        </span>
      </div>
      <span
        aria-hidden="true"
        class="ant-select-arrow"
        style="user-select: none;"
        unselectable="on"
      >
        <span
          aria-label="down"
          class="anticon anticon-down ant-select-suffix"
          role="img"
        >
          <svg
            aria-hidden="true"
            data-icon="down"
            fill="currentColor"
            focusable="false"
            height="1em"
            viewBox="64 64 896 896"
            width="1em"
          >
            <path
              d="M884 256h-75c-5.1 0-9.9 2.5-12.9 6.6L512 654.2 227.9 262.6c-3-4.1-7.8-6.6-12.9-6.6h-75c-6.5 0-10.3 7.4-6.5 12.7l352.6 486.1c12.8 17.6 39 17.6 51.7 0l352.6-486.1c3.9-5.3.1-12.7-6.4-12.7z"
            />
          </svg>
        </span>
      </span>
    </div>
  </div>
  <div
    style="position: absolute; top: 0px; left: 0px; width: 100%;"
  >
    <div>
      <div
        class="ant-select-dropdown"
        style="opacity: 0; min-width: 0; width: 0px;"
      >
        <div>
          <div
            id="rc_select_TEST_OR_SSR_list"
            role="listbox"
            style="height: 0px; width: 0px; overflow: hidden;"
          >
            <div
              aria-selected="false"
              id="rc_select_TEST_OR_SSR_list_0"
              role="option"
            >
              group1
            </div>
          </div>
          <div
            class="rc-virtual-list"
            style="position: relative;"
          >
            <div
              class="rc-virtual-list-holder"
              style="max-height: 256px; overflow-y: hidden;"
            >
              <div>
                <div
                  class="rc-virtual-list-holder-inner"
                  style="display: flex; flex-direction: column;"
                >
                  <div
                    aria-selected="false"
                    class="ant-select-item ant-select-item-option ant-select-item-option-active"
                  >
                    <div
                      class="ant-select-item-option-content"
                    >
                      group1
                    </div>
                    <span
                      aria-hidden="true"
                      class="ant-select-item-option-state"
                      style="user-select: none;"
                      unselectable="on"
                    />
                  </div>
                </div>
              </div>
            </div>
            <div
              class="rc-virtual-list-scrollbar"
              style="width: 8px; top: 0px; bottom: 0px; right: 0px; position: absolute; display: none;"
            >
              <div
                class="rc-virtual-list-scrollbar-thumb"
                style="width: 100%; height: 128px; top: 0px; left: 0px; position: absolute; background: rgba(0, 0, 0, 0.5); border-radius: 99px; cursor: pointer; user-select: none;"
              />
            </div>
          </div>
        </div>
      </div>
    </div>
  </div>
</body>
`;

exports[`useUserGroup should match snapshot when need show tooltip when generate select options 1`] = `
Array [
  <Option
    value="group1"
  >
    <EmptyBox
      defaultNode="group1"
      if={true}
    >
      <Tooltip
        placement="right"
        title={
          <React.Fragment>
            user_name0, user_name1, user_name2, user_name3, user_name4, user_name5, user_name6, user_name7, user_name8, user_name9, user_name10, user_name11, user_name12, user_name13, user_name14
            ...
          </React.Fragment>
        }
      >
        <div
          className="full-width-element"
        >
          group1
        </div>
      </Tooltip>
    </EmptyBox>
  </Option>,
]
`;

exports[`useUserGroup should match snapshot when need show tooltip when generate select options 2`] = `
Array [
  <Option
    value="group1"
  >
    <EmptyBox
      defaultNode="group1"
      if={true}
    >
      <Tooltip
        placement="right"
        title={
          <React.Fragment>
            user_name0, user_name1, user_name2, user_name3, user_name4, user_name5, user_name6, user_name7, user_name8, user_name9
            
          </React.Fragment>
        }
      >
        <div
          className="full-width-element"
        >
          group1
        </div>
      </Tooltip>
    </EmptyBox>
  </Option>,
]
`;
