// Jest Snapshot v1, https://goo.gl/fbAQLP

exports[`test rule manager should match snapshot 1`] = `
<div>
  <article>
    <div
      class="ant-page-header"
    >
      <div
        class="ant-page-header-heading"
      >
        <div
          class="ant-page-header-heading-left"
        >
          <span
            class="ant-page-header-heading-title"
            title="ruleManager.pageTitle"
          >
            ruleManager.pageTitle
          </span>
        </div>
      </div>
      <div
        class="ant-page-header-content"
      >
        ruleManager.pageDesc
      </div>
    </div>
    <section
      class="padding-content"
    >
      <div
        class="ant-card ant-card-bordered"
      >
        <div
          class="ant-card-body"
        >
          <div
            class="ant-tabs ant-tabs-top"
          >
            <div
              class="ant-tabs-nav"
              role="tablist"
            >
              <div
                class="ant-tabs-nav-wrap"
              >
                <div
                  class="ant-tabs-nav-list"
                  style="transform: translate(0px, 0px);"
                >
                  <div
                    class="ant-tabs-tab ant-tabs-tab-active"
                    data-node-key="/rule/template"
                  >
                    <div
                      aria-controls="rc-tabs-test-panel-/rule/template"
                      aria-selected="true"
                      class="ant-tabs-tab-btn"
                      id="rc-tabs-test-tab-/rule/template"
                      role="tab"
                      tabindex="0"
                    >
                      ruleTemplate.globalRuleTemplateListTitle
                    </div>
                  </div>
                  <div
                    class="ant-tabs-tab"
                    data-node-key="/rule/custom"
                  >
                    <div
                      aria-controls="rc-tabs-test-panel-/rule/custom"
                      aria-selected="false"
                      class="ant-tabs-tab-btn"
                      id="rc-tabs-test-tab-/rule/custom"
                      role="tab"
                      tabindex="0"
                    >
                      customRule.title
                    </div>
                  </div>
                  <div
                    class="ant-tabs-ink-bar ant-tabs-ink-bar-animated"
                  />
                </div>
              </div>
              <div
                class="ant-tabs-nav-operations ant-tabs-nav-operations-hidden"
              >
                <button
                  aria-controls="rc-tabs-test-more-popup"
                  aria-expanded="false"
                  aria-haspopup="listbox"
                  aria-hidden="true"
                  class="ant-tabs-nav-more"
                  id="rc-tabs-test-more"
                  style="visibility: hidden; order: 1;"
                  tabindex="-1"
                  type="button"
                >
                  <span
                    aria-label="ellipsis"
                    class="anticon anticon-ellipsis"
                    role="img"
                  >
                    <svg
                      aria-hidden="true"
                      data-icon="ellipsis"
                      fill="currentColor"
                      focusable="false"
                      height="1em"
                      viewBox="64 64 896 896"
                      width="1em"
                    >
                      <path
                        d="M176 511a56 56 0 10112 0 56 56 0 10-112 0zm280 0a56 56 0 10112 0 56 56 0 10-112 0zm280 0a56 56 0 10112 0 56 56 0 10-112 0z"
                      />
                    </svg>
                  </span>
                </button>
              </div>
            </div>
            <div
              class="ant-tabs-content-holder"
            >
              <div
                class="ant-tabs-content ant-tabs-content-top"
              >
                <div
                  aria-hidden="false"
                  aria-labelledby="rc-tabs-test-tab-/rule/template"
                  class="ant-tabs-tabpane ant-tabs-tabpane-active"
                  id="rc-tabs-test-panel-/rule/template"
                  role="tabpanel"
                  tabindex="0"
                />
              </div>
            </div>
          </div>
        </div>
      </div>
    </section>
  </article>
</div>
`;

exports[`test rule manager should match snapshot 2`] = `
<div>
  <article>
    <div
      class="ant-page-header"
    >
      <div
        class="ant-page-header-heading"
      >
        <div
          class="ant-page-header-heading-left"
        >
          <span
            class="ant-page-header-heading-title"
            title="ruleManager.pageTitle"
          >
            ruleManager.pageTitle
          </span>
        </div>
      </div>
      <div
        class="ant-page-header-content"
      >
        ruleManager.pageDesc
      </div>
    </div>
    <section
      class="padding-content"
    >
      <div
        class="ant-card ant-card-bordered"
      >
        <div
          class="ant-card-body"
        >
          <div
            class="ant-tabs ant-tabs-top"
          >
            <div
              class="ant-tabs-nav"
              role="tablist"
            >
              <div
                class="ant-tabs-nav-wrap"
              >
                <div
                  class="ant-tabs-nav-list"
                  style="transform: translate(0px, 0px);"
                >
                  <div
                    class="ant-tabs-tab ant-tabs-tab-active"
                    data-node-key="/rule/template"
                  >
                    <div
                      aria-controls="rc-tabs-test-panel-/rule/template"
                      aria-selected="true"
                      class="ant-tabs-tab-btn"
                      id="rc-tabs-test-tab-/rule/template"
                      role="tab"
                      tabindex="0"
                    >
                      ruleTemplate.globalRuleTemplateListTitle
                    </div>
                  </div>
                  <div
                    class="ant-tabs-tab"
                    data-node-key="/rule/custom"
                  >
                    <div
                      aria-controls="rc-tabs-test-panel-/rule/custom"
                      aria-selected="false"
                      class="ant-tabs-tab-btn"
                      id="rc-tabs-test-tab-/rule/custom"
                      role="tab"
                      tabindex="0"
                    >
                      customRule.title
                    </div>
                  </div>
                  <div
                    class="ant-tabs-ink-bar ant-tabs-ink-bar-animated"
                  />
                </div>
              </div>
              <div
                class="ant-tabs-nav-operations ant-tabs-nav-operations-hidden"
              >
                <button
                  aria-controls="rc-tabs-test-more-popup"
                  aria-expanded="false"
                  aria-haspopup="listbox"
                  aria-hidden="true"
                  class="ant-tabs-nav-more"
                  id="rc-tabs-test-more"
                  style="visibility: hidden; order: 1;"
                  tabindex="-1"
                  type="button"
                >
                  <span
                    aria-label="ellipsis"
                    class="anticon anticon-ellipsis"
                    role="img"
                  >
                    <svg
                      aria-hidden="true"
                      data-icon="ellipsis"
                      fill="currentColor"
                      focusable="false"
                      height="1em"
                      viewBox="64 64 896 896"
                      width="1em"
                    >
                      <path
                        d="M176 511a56 56 0 10112 0 56 56 0 10-112 0zm280 0a56 56 0 10112 0 56 56 0 10-112 0zm280 0a56 56 0 10112 0 56 56 0 10-112 0z"
                      />
                    </svg>
                  </span>
                </button>
              </div>
            </div>
            <div
              class="ant-tabs-content-holder"
            >
              <div
                class="ant-tabs-content ant-tabs-content-top"
              >
                <div
                  aria-hidden="false"
                  aria-labelledby="rc-tabs-test-tab-/rule/template"
                  class="ant-tabs-tabpane ant-tabs-tabpane-active"
                  id="rc-tabs-test-panel-/rule/template"
                  role="tabpanel"
                  tabindex="0"
                />
              </div>
            </div>
          </div>
        </div>
      </div>
    </section>
  </article>
</div>
`;

exports[`test rule manager should match snapshot 3`] = `
<div>
  <article>
    <div
      class="ant-page-header"
    >
      <div
        class="ant-page-header-heading"
      >
        <div
          class="ant-page-header-heading-left"
        >
          <span
            class="ant-page-header-heading-title"
            title="ruleManager.pageTitle"
          >
            ruleManager.pageTitle
          </span>
        </div>
      </div>
      <div
        class="ant-page-header-content"
      >
        ruleManager.pageDesc
      </div>
    </div>
    <section
      class="padding-content"
    >
      <div
        class="ant-card ant-card-bordered"
      >
        <div
          class="ant-card-body"
        >
          <div
            class="ant-tabs ant-tabs-top"
          >
            <div
              class="ant-tabs-nav"
              role="tablist"
            >
              <div
                class="ant-tabs-nav-wrap"
              >
                <div
                  class="ant-tabs-nav-list"
                  style="transform: translate(0px, 0px);"
                >
                  <div
                    class="ant-tabs-tab ant-tabs-tab-active"
                    data-node-key="/rule/template"
                  >
                    <div
                      aria-controls="rc-tabs-test-panel-/rule/template"
                      aria-selected="true"
                      class="ant-tabs-tab-btn"
                      id="rc-tabs-test-tab-/rule/template"
                      role="tab"
                      tabindex="0"
                    >
                      ruleTemplate.globalRuleTemplateListTitle
                    </div>
                  </div>
                  <div
                    class="ant-tabs-tab"
                    data-node-key="/rule/custom"
                  >
                    <div
                      aria-controls="rc-tabs-test-panel-/rule/custom"
                      aria-selected="false"
                      class="ant-tabs-tab-btn"
                      id="rc-tabs-test-tab-/rule/custom"
                      role="tab"
                      tabindex="0"
                    >
                      customRule.title
                    </div>
                  </div>
                  <div
                    class="ant-tabs-ink-bar ant-tabs-ink-bar-animated"
                  />
                </div>
              </div>
              <div
                class="ant-tabs-nav-operations ant-tabs-nav-operations-hidden"
              >
                <button
                  aria-controls="rc-tabs-test-more-popup"
                  aria-expanded="false"
                  aria-haspopup="listbox"
                  aria-hidden="true"
                  class="ant-tabs-nav-more"
                  id="rc-tabs-test-more"
                  style="visibility: hidden; order: 1;"
                  tabindex="-1"
                  type="button"
                >
                  <span
                    aria-label="ellipsis"
                    class="anticon anticon-ellipsis"
                    role="img"
                  >
                    <svg
                      aria-hidden="true"
                      data-icon="ellipsis"
                      fill="currentColor"
                      focusable="false"
                      height="1em"
                      viewBox="64 64 896 896"
                      width="1em"
                    >
                      <path
                        d="M176 511a56 56 0 10112 0 56 56 0 10-112 0zm280 0a56 56 0 10112 0 56 56 0 10-112 0zm280 0a56 56 0 10112 0 56 56 0 10-112 0z"
                      />
                    </svg>
                  </span>
                </button>
              </div>
            </div>
            <div
              class="ant-tabs-content-holder"
            >
              <div
                class="ant-tabs-content ant-tabs-content-top"
              >
                <div
                  aria-hidden="false"
                  aria-labelledby="rc-tabs-test-tab-/rule/template"
                  class="ant-tabs-tabpane ant-tabs-tabpane-active"
                  id="rc-tabs-test-panel-/rule/template"
                  role="tabpanel"
                  tabindex="0"
                />
              </div>
            </div>
          </div>
        </div>
      </div>
    </section>
  </article>
</div>
`;
