// Jest Snapshot v1, https://goo.gl/fbAQLP

exports[`test SyncDataSource should match snapshot 1`] = `
<Fragment>
  <section
    className="padding-content"
  >
    <ForwardRef>
      syncDataSource.ceTips
      <ForwardRef>
        <ul>
          <li>
            <a
              href="https://actiontech.github.io/sqle-docs-cn/"
            >
              https://actiontech.github.io/sqle-docs-cn/
            </a>
          </li>
          <li>
            <a
              href="https://www.actionsky.com/"
            >
              https://www.actionsky.com/
            </a>
          </li>
        </ul>
      </ForwardRef>
    </ForwardRef>
  </section>
  <article>
    <PageHeader
      ghost={false}
      title="syncDataSource.pageTitle"
    >
      syncDataSource.pageDesc
    </PageHeader>
    <section
      className="padding-content"
    >
      <Outlet />
    </section>
  </article>
</Fragment>
`;
