// Jest Snapshot v1, https://goo.gl/fbAQLP

exports[`test PersonalizeSetting should match snapshot 1`] = `
<div>
  <div
    class="ant-card ant-card-bordered"
  >
    <div
      class="ant-card-head"
    >
      <div
        class="ant-card-head-wrapper"
      >
        <div
          class="ant-card-head-title"
        >
          system.title.personalize
        </div>
      </div>
    </div>
    <div
      class="ant-card-body"
    >
      <div
        class="ant-space ant-space-vertical full-width-element"
      >
        <div
          class="ant-space-item"
          style="margin-bottom: 8px;"
        >
          <div
            class="ant-row ant-row-middle"
          >
            <div
              class="ant-col ant-col-xs-24 ant-col-sm-3 ant-col-xl-2"
            >
              <span
                class="ant-typography"
              >
                system.personalize.title
                 : 
              </span>
            </div>
            <div
              class="ant-col ant-col-xs-24 ant-col-sm-10"
            >
              <div>
                <span
                  class="ant-typography"
                >
                  SQLE
                  <a
                    class="ant-typography"
                  >
                    <span
                      aria-label="edit"
                      class="anticon anticon-edit"
                      role="img"
                      tabindex="-1"
                    >
                      <svg
                        aria-hidden="true"
                        data-icon="edit"
                        fill="currentColor"
                        focusable="false"
                        height="1em"
                        viewBox="64 64 896 896"
                        width="1em"
                      >
                        <path
                          d="M257.7 752c2 0 4-.2 6-.5L431.9 722c2-.4 3.9-1.3 5.3-2.8l423.9-423.9a9.96 9.96 0 000-14.1L694.9 114.9c-1.9-1.9-4.4-2.9-7.1-2.9s-5.2 1-7.1 2.9L256.8 538.8c-1.5 1.5-2.4 3.3-2.8 5.3l-29.5 168.2a33.5 33.5 0 009.4 29.8c6.6 6.4 14.9 9.9 23.8 9.9zm67.4-174.4L687.8 215l73.3 73.3-362.7 362.6-88.9 15.7 15.6-89zM880 836H144c-17.7 0-32 14.3-32 32v36c0 4.4 3.6 8 8 8h784c4.4 0 8-3.6 8-8v-36c0-17.7-14.3-32-32-32z"
                        />
                      </svg>
                    </span>
                  </a>
                </span>
              </div>
              <div
                hidden=""
              >
                <span
                  class="ant-input-affix-wrapper"
                >
                  <input
                    class="ant-input"
                    id="titleInput"
                    placeholder="common.form.placeholder.input"
                    type="text"
                    value=""
                  />
                  <span
                    class="ant-input-suffix"
                  >
                    <span
                      aria-label="enter"
                      class="anticon anticon-enter"
                      role="img"
                    >
                      <svg
                        aria-hidden="true"
                        data-icon="enter"
                        fill="currentColor"
                        focusable="false"
                        height="1em"
                        viewBox="64 64 896 896"
                        width="1em"
                      >
                        <path
                          d="M864 170h-60c-4.4 0-8 3.6-8 8v518H310v-73c0-6.7-7.8-10.5-13-6.3l-141.9 112a8 8 0 000 12.6l141.9 112c5.3 4.2 13 .4 13-6.3v-75h498c35.3 0 64-28.7 64-64V178c0-4.4-3.6-8-8-8z"
                        />
                      </svg>
                    </span>
                  </span>
                </span>
              </div>
            </div>
          </div>
        </div>
        <div
          class="ant-space-item"
        >
          <div
            class="ant-row"
          >
            <div
              class="ant-col ant-col-xs-24 ant-col-sm-3 ant-col-xl-2"
            >
              <span
                class="ant-typography"
              >
                system.personalize.logo
                 : 
              </span>
            </div>
            <div
              class="ant-col ant-col-xs-24 ant-col-sm-10"
            >
              <div
                class="ant-space ant-space-horizontal ant-space-align-end"
              >
                <div
                  class="ant-space-item"
                  style="margin-right: 8px;"
                >
                  <span
                    class="ant-upload-picture-card-wrapper"
                  >
                    <div
                      class="ant-upload ant-upload-select ant-upload-select-picture-card"
                    >
                      <span
                        class="ant-upload"
                        role="button"
                        tabindex="0"
                      >
                        <input
                          accept=""
                          data-testid="upload-logo"
                          style="display: none;"
                          type="file"
                        />
                        <div
                          class="ant-space ant-space-vertical"
                        >
                          <div
                            class="ant-space-item"
                            style="margin-bottom: 8px;"
                          >
                            <img
                              alt="logo"
                              src="test"
                              style="width: 50%;"
                            />
                          </div>
                          <div
                            class="ant-space-item"
                          >
                            <span
                              class="ant-typography ant-typography-secondary"
                            >
                              <span
                                aria-label="upload"
                                class="anticon anticon-upload"
                                role="img"
                              >
                                <svg
                                  aria-hidden="true"
                                  data-icon="upload"
                                  fill="currentColor"
                                  focusable="false"
                                  height="1em"
                                  viewBox="64 64 896 896"
                                  width="1em"
                                >
                                  <path
                                    d="M400 317.7h73.9V656c0 4.4 3.6 8 8 8h60c4.4 0 8-3.6 8-8V317.7H624c6.7 0 10.4-7.7 6.3-12.9L518.3 163a8 8 0 00-12.6 0l-112 141.7c-4.1 5.3-.4 13 6.3 13zM878 626h-60c-4.4 0-8 3.6-8 8v154H214V634c0-4.4-3.6-8-8-8h-60c-4.4 0-8 3.6-8 8v198c0 17.7 14.3 32 32 32h684c17.7 0 32-14.3 32-32V634c0-4.4-3.6-8-8-8z"
                                  />
                                </svg>
                              </span>
                              system.personalize.uploadAndUpdate
                            </span>
                          </div>
                        </div>
                      </span>
                    </div>
                  </span>
                </div>
                <div
                  class="ant-space-item"
                >
                  <span
                    class="ant-typography ant-typography-secondary"
                  >
                    system.personalize.uploadTips
                  </span>
                </div>
              </div>
            </div>
          </div>
        </div>
      </div>
    </div>
  </div>
</div>
`;
