// Jest Snapshot v1, https://goo.gl/fbAQLP

exports[`test MemberListFilterForm should match snapshot 1`] = `
<div>
  <form
    class="ant-form ant-form-horizontal"
  >
    <div
      class="ant-row"
      style="margin-left: -12px; margin-right: -12px;"
    >
      <div
        class="ant-col ant-col-xs-24 ant-col-sm-12 ant-col-xl-8 ant-col-xxl-6"
        style="padding-left: 12px; padding-right: 12px;"
      >
        <div
          class="ant-form-item"
        >
          <div
            class="ant-row ant-form-item-row"
          >
            <div
              class="ant-col ant-col-7 ant-form-item-label"
            >
              <label
                class=""
                for="filterUserName"
                title="member.memberList.filterForm.username"
              >
                member.memberList.filterForm.username
              </label>
            </div>
            <div
              class="ant-col ant-col-17 ant-form-item-control"
            >
              <div
                class="ant-form-item-control-input"
              >
                <div
                  class="ant-form-item-control-input-content"
                >
                  <div
                    class="ant-select ant-select-in-form-item ant-select-single ant-select-allow-clear ant-select-show-arrow ant-select-show-search"
                  >
                    <div
                      class="ant-select-selector"
                    >
                      <span
                        class="ant-select-selection-search"
                      >
                        <input
                          aria-activedescendant="filterUserName_list_0"
                          aria-autocomplete="list"
                          aria-controls="filterUserName_list"
                          aria-haspopup="listbox"
                          aria-owns="filterUserName_list"
                          autocomplete="off"
                          class="ant-select-selection-search-input"
                          id="filterUserName"
                          role="combobox"
                          type="search"
                          value=""
                        />
                      </span>
                      <span
                        class="ant-select-selection-placeholder"
                      />
                    </div>
                    <span
                      aria-hidden="true"
                      class="ant-select-arrow"
                      style="user-select: none;"
                      unselectable="on"
                    >
                      <span
                        aria-label="down"
                        class="anticon anticon-down ant-select-suffix"
                        role="img"
                      >
                        <svg
                          aria-hidden="true"
                          data-icon="down"
                          fill="currentColor"
                          focusable="false"
                          height="1em"
                          viewBox="64 64 896 896"
                          width="1em"
                        >
                          <path
                            d="M884 256h-75c-5.1 0-9.9 2.5-12.9 6.6L512 654.2 227.9 262.6c-3-4.1-7.8-6.6-12.9-6.6h-75c-6.5 0-10.3 7.4-6.5 12.7l352.6 486.1c12.8 17.6 39 17.6 51.7 0l352.6-486.1c3.9-5.3.1-12.7-6.4-12.7z"
                          />
                        </svg>
                      </span>
                    </span>
                  </div>
                </div>
              </div>
            </div>
          </div>
        </div>
      </div>
      <div
        class="ant-col ant-col-xs-24 ant-col-sm-12 ant-col-xl-8 ant-col-xxl-6"
        style="padding-left: 12px; padding-right: 12px;"
      >
        <div
          class="ant-form-item"
        >
          <div
            class="ant-row ant-form-item-row"
          >
            <div
              class="ant-col ant-col-7 ant-form-item-label"
            >
              <label
                class=""
                for="filterInstance"
                title="member.memberList.filterForm.instance"
              >
                member.memberList.filterForm.instance
              </label>
            </div>
            <div
              class="ant-col ant-col-17 ant-form-item-control"
            >
              <div
                class="ant-form-item-control-input"
              >
                <div
                  class="ant-form-item-control-input-content"
                >
                  <div
                    class="ant-select ant-select-in-form-item ant-select-single ant-select-allow-clear ant-select-show-arrow ant-select-show-search"
                  >
                    <div
                      class="ant-select-selector"
                    >
                      <span
                        class="ant-select-selection-search"
                      >
                        <input
                          aria-activedescendant="filterInstance_list_0"
                          aria-autocomplete="list"
                          aria-controls="filterInstance_list"
                          aria-haspopup="listbox"
                          aria-owns="filterInstance_list"
                          autocomplete="off"
                          class="ant-select-selection-search-input"
                          id="filterInstance"
                          role="combobox"
                          type="search"
                          value=""
                        />
                      </span>
                      <span
                        class="ant-select-selection-placeholder"
                      />
                    </div>
                    <span
                      aria-hidden="true"
                      class="ant-select-arrow"
                      style="user-select: none;"
                      unselectable="on"
                    >
                      <span
                        aria-label="down"
                        class="anticon anticon-down ant-select-suffix"
                        role="img"
                      >
                        <svg
                          aria-hidden="true"
                          data-icon="down"
                          fill="currentColor"
                          focusable="false"
                          height="1em"
                          viewBox="64 64 896 896"
                          width="1em"
                        >
                          <path
                            d="M884 256h-75c-5.1 0-9.9 2.5-12.9 6.6L512 654.2 227.9 262.6c-3-4.1-7.8-6.6-12.9-6.6h-75c-6.5 0-10.3 7.4-6.5 12.7l352.6 486.1c12.8 17.6 39 17.6 51.7 0l352.6-486.1c3.9-5.3.1-12.7-6.4-12.7z"
                          />
                        </svg>
                      </span>
                    </span>
                  </div>
                </div>
              </div>
            </div>
          </div>
        </div>
      </div>
      <div
        class="ant-col text-align-right ant-col-xs-24 ant-col-sm-12 ant-col-sm-offset-12 ant-col-xl-8 ant-col-xl-offset-0 ant-col-xxl-6 ant-col-xxl-offset-6"
        style="padding-left: 12px; padding-right: 12px;"
      >
        <div
          class="ant-form-item"
        >
          <div
            class="ant-row ant-form-item-row"
          >
            <div
              class="ant-col ant-col-24 ant-form-item-control"
            >
              <div
                class="ant-form-item-control-input"
              >
                <div
                  class="ant-form-item-control-input-content"
                >
                  <div
                    class="ant-space ant-space-horizontal ant-space-align-center"
                  >
                    <div
                      class="ant-space-item"
                      style="margin-right: 8px;"
                    >
                      <button
                        class="ant-btn ant-btn-default"
                        type="button"
                      >
                        <span>
                          common.reset
                        </span>
                      </button>
                    </div>
                    <div
                      class="ant-space-item"
                    >
                      <button
                        class="ant-btn ant-btn-primary"
                        type="submit"
                      >
                        <span>
                          common.search
                        </span>
                      </button>
                    </div>
                  </div>
                </div>
              </div>
            </div>
          </div>
        </div>
      </div>
    </div>
  </form>
</div>
`;
