// Jest Snapshot v1, https://goo.gl/fbAQLP

exports[`test AddMember should match snapshot 1`] = `
<body>
  <div />
  <div>
    <div
      class="ant-modal-root"
    >
      <div
        class="ant-modal-mask"
      />
      <div
        class="ant-modal-wrap"
        tabindex="-1"
      >
        <div
          aria-labelledby="test-id"
          aria-modal="true"
          class="ant-modal"
          role="dialog"
          style="width: 520px;"
        >
          <div
            aria-hidden="true"
            style="width: 0px; height: 0px; overflow: hidden; outline: none;"
            tabindex="0"
          />
          <div
            class="ant-modal-content"
          >
            <div
              class="ant-modal-header"
            >
              <div
                class="ant-modal-title"
                id="test-id"
              >
                member.addMember.modalTitle
              </div>
            </div>
            <div
              class="ant-modal-body"
            >
              <form
                class="ant-form ant-form-horizontal"
              >
                <div
                  class="ant-form-item"
                >
                  <div
                    class="ant-row ant-form-item-row"
                  >
                    <div
                      class="ant-col ant-form-item-label ant-col-xs-24 ant-col-sm-7"
                    >
                      <label
                        class="ant-form-item-required"
                        for="username"
                        title="member.memberForm.username"
                      >
                        member.memberForm.username
                      </label>
                    </div>
                    <div
                      class="ant-col ant-form-item-control ant-col-xs-24 ant-col-sm-13"
                    >
                      <div
                        class="ant-form-item-control-input"
                      >
                        <div
                          class="ant-form-item-control-input-content"
                        >
                          <div
                            aria-required="true"
                            class="ant-select ant-select-in-form-item ant-select-single ant-select-show-arrow ant-select-show-search"
                          >
                            <div
                              class="ant-select-selector"
                            >
                              <span
                                class="ant-select-selection-search"
                              >
                                <input
                                  aria-activedescendant="username_list_0"
                                  aria-autocomplete="list"
                                  aria-controls="username_list"
                                  aria-haspopup="listbox"
                                  aria-owns="username_list"
                                  aria-required="true"
                                  autocomplete="off"
                                  class="ant-select-selection-search-input"
                                  id="username"
                                  role="combobox"
                                  type="search"
                                  value=""
                                />
                              </span>
                              <span
                                class="ant-select-selection-placeholder"
                              >
                                common.form.placeholder.select
                              </span>
                            </div>
                            <span
                              aria-hidden="true"
                              class="ant-select-arrow"
                              style="user-select: none;"
                              unselectable="on"
                            >
                              <span
                                aria-label="down"
                                class="anticon anticon-down ant-select-suffix"
                                role="img"
                              >
                                <svg
                                  aria-hidden="true"
                                  data-icon="down"
                                  fill="currentColor"
                                  focusable="false"
                                  height="1em"
                                  viewBox="64 64 896 896"
                                  width="1em"
                                >
                                  <path
                                    d="M884 256h-75c-5.1 0-9.9 2.5-12.9 6.6L512 654.2 227.9 262.6c-3-4.1-7.8-6.6-12.9-6.6h-75c-6.5 0-10.3 7.4-6.5 12.7l352.6 486.1c12.8 17.6 39 17.6 51.7 0l352.6-486.1c3.9-5.3.1-12.7-6.4-12.7z"
                                  />
                                </svg>
                              </span>
                            </span>
                          </div>
                        </div>
                      </div>
                    </div>
                  </div>
                </div>
                <div
                  class="ant-form-item"
                >
                  <div
                    class="ant-row ant-form-item-row"
                  >
                    <div
                      class="ant-col ant-form-item-label ant-col-xs-24 ant-col-sm-7"
                    >
                      <label
                        class=""
                        for="isManager"
                        title="member.memberForm.projectAdmin"
                      >
                        member.memberForm.projectAdmin
                      </label>
                    </div>
                    <div
                      class="ant-col ant-form-item-control ant-col-xs-24 ant-col-sm-13"
                    >
                      <div
                        class="ant-form-item-control-input"
                      >
                        <div
                          class="ant-form-item-control-input-content"
                        >
                          <button
                            aria-checked="false"
                            class="ant-switch"
                            id="isManager"
                            role="switch"
                            type="button"
                          >
                            <div
                              class="ant-switch-handle"
                            />
                            <span
                              class="ant-switch-inner"
                            />
                          </button>
                        </div>
                      </div>
                    </div>
                  </div>
                </div>
                <div
                  class="ant-form-item"
                >
                  <div
                    class="ant-row ant-form-item-row"
                  >
                    <div
                      class="ant-col ant-form-item-label ant-col-xs-24 ant-col-sm-7"
                    >
                      <label
                        class="ant-form-item-no-colon"
                        title=" "
                      >
                         
                      </label>
                    </div>
                    <div
                      class="ant-col ant-form-item-control ant-col-xs-24 ant-col-sm-13"
                    >
                      <div
                        class="ant-form-item-control-input"
                      >
                        <div
                          class="ant-form-item-control-input-content"
                        >
                          <button
                            class="ant-btn ant-btn-dashed ant-btn-block"
                            type="button"
                          >
                            <span
                              aria-label="plus"
                              class="anticon anticon-plus"
                              role="img"
                            >
                              <svg
                                aria-hidden="true"
                                data-icon="plus"
                                fill="currentColor"
                                focusable="false"
                                height="1em"
                                viewBox="64 64 896 896"
                                width="1em"
                              >
                                <defs>
                                  <style />
                                </defs>
                                <path
                                  d="M482 152h60q8 0 8 8v704q0 8-8 8h-60q-8 0-8-8V160q0-8 8-8z"
                                />
                                <path
                                  d="M176 474h672q8 0 8 8v60q0 8-8 8H176q-8 0-8-8v-60q0-8 8-8z"
                                />
                              </svg>
                            </span>
                            <span>
                              member.roleSelector.addRole
                            </span>
                          </button>
                        </div>
                      </div>
                    </div>
                  </div>
                </div>
              </form>
            </div>
            <div
              class="ant-modal-footer"
            >
              <button
                class="ant-btn ant-btn-default"
                type="button"
              >
                <span>
                  common.close
                </span>
              </button>
              <button
                class="ant-btn ant-btn-primary"
                type="button"
              >
                <span>
                  common.submit
                </span>
              </button>
            </div>
          </div>
          <div
            aria-hidden="true"
            style="width: 0px; height: 0px; overflow: hidden; outline: none;"
            tabindex="0"
          />
        </div>
      </div>
    </div>
  </div>
</body>
`;
